Archive member included because of file (symbol)

Z:\PROC\workspace\CMSIS_CORE_LPC17xx\Debug\libCMSIS_CORE_LPC17xx.a(system_LPC17xx.o)
                              ./src/cr_startup_lpc175x_6x.o (SystemInit)
Z:\PROC\workspace\MyLab_lib\Debug\libMyLab_lib.a(lcd.o)
                              ./src/Labo1.o (Delay)
c:/nxp/lpcxpresso_8.0.0_526/lpcxpresso/tools/bin/../lib/gcc/arm-none-eabi/4.9.3/../../../../arm-none-eabi/lib/armv7-m\libcr_c.a(__weak__main.o)
                              ./src/cr_startup_lpc175x_6x.o (__main)
c:/nxp/lpcxpresso_8.0.0_526/lpcxpresso/tools/bin/../lib/gcc/arm-none-eabi/4.9.3/armv7-m\libcr_eabihelpers.a(division_64.o)
                              Z:\PROC\workspace\CMSIS_CORE_LPC17xx\Debug\libCMSIS_CORE_LPC17xx.a(system_LPC17xx.o) (__aeabi_uldivmod)
c:/nxp/lpcxpresso_8.0.0_526/lpcxpresso/tools/bin/../lib/gcc/arm-none-eabi/4.9.3/armv7-m\libcr_eabihelpers.a(division_idiv0.o)
                              c:/nxp/lpcxpresso_8.0.0_526/lpcxpresso/tools/bin/../lib/gcc/arm-none-eabi/4.9.3/armv7-m\libcr_eabihelpers.a(division_64.o) (__aeabi_idiv0)

Allocating common symbols
Common symbol       size              file

tab2                0x64              ./src/Labo1.o
tab1                0x64              ./src/Labo1.o

Discarded input sections

 .group         0x00000000        0x8 ./src/Labo1.o
 .group         0x00000000        0x8 ./src/Labo1.o
 .group         0x00000000        0x8 ./src/Labo1.o
 .group         0x00000000        0x8 ./src/Labo1.o
 .group         0x00000000        0x8 ./src/Labo1.o
 .group         0x00000000        0x8 ./src/Labo1.o
 .group         0x00000000        0x8 ./src/Labo1.o
 .group         0x00000000        0x8 ./src/Labo1.o
 .group         0x00000000        0x8 ./src/Labo1.o
 .group         0x00000000        0x8 ./src/Labo1.o
 .group         0x00000000        0x8 ./src/Labo1.o
 .text          0x00000000        0x0 ./src/Labo1.o
 .data          0x00000000        0x0 ./src/Labo1.o
 .bss           0x00000000        0x0 ./src/Labo1.o
 .data.Contrast_level
                0x00000000        0x1 ./src/Labo1.o
 COMMON         0x00000000       0xc8 ./src/Labo1.o
 .group         0x00000000        0x8 ./src/cr_startup_lpc175x_6x.o
 .text          0x00000000        0x0 ./src/cr_startup_lpc175x_6x.o
 .data          0x00000000        0x0 ./src/cr_startup_lpc175x_6x.o
 .bss           0x00000000        0x0 ./src/cr_startup_lpc175x_6x.o
 .debug_macro   0x00000000      0x880 ./src/cr_startup_lpc175x_6x.o
 .group         0x00000000        0x8 ./src/crp.o
 .group         0x00000000        0x8 ./src/crp.o
 .text          0x00000000        0x0 ./src/crp.o
 .data          0x00000000        0x0 ./src/crp.o
 .bss           0x00000000        0x0 ./src/crp.o
 .debug_macro   0x00000000      0x880 ./src/crp.o
 .group         0x00000000        0x8 Z:\PROC\workspace\CMSIS_CORE_LPC17xx\Debug\libCMSIS_CORE_LPC17xx.a(system_LPC17xx.o)
 .group         0x00000000        0x8 Z:\PROC\workspace\CMSIS_CORE_LPC17xx\Debug\libCMSIS_CORE_LPC17xx.a(system_LPC17xx.o)
 .group         0x00000000        0x8 Z:\PROC\workspace\CMSIS_CORE_LPC17xx\Debug\libCMSIS_CORE_LPC17xx.a(system_LPC17xx.o)
 .group         0x00000000        0x8 Z:\PROC\workspace\CMSIS_CORE_LPC17xx\Debug\libCMSIS_CORE_LPC17xx.a(system_LPC17xx.o)
 .group         0x00000000        0x8 Z:\PROC\workspace\CMSIS_CORE_LPC17xx\Debug\libCMSIS_CORE_LPC17xx.a(system_LPC17xx.o)
 .group         0x00000000        0x8 Z:\PROC\workspace\CMSIS_CORE_LPC17xx\Debug\libCMSIS_CORE_LPC17xx.a(system_LPC17xx.o)
 .group         0x00000000        0x8 Z:\PROC\workspace\CMSIS_CORE_LPC17xx\Debug\libCMSIS_CORE_LPC17xx.a(system_LPC17xx.o)
 .group         0x00000000        0x8 Z:\PROC\workspace\CMSIS_CORE_LPC17xx\Debug\libCMSIS_CORE_LPC17xx.a(system_LPC17xx.o)
 .group         0x00000000        0x8 Z:\PROC\workspace\CMSIS_CORE_LPC17xx\Debug\libCMSIS_CORE_LPC17xx.a(system_LPC17xx.o)
 .text          0x00000000        0x0 Z:\PROC\workspace\CMSIS_CORE_LPC17xx\Debug\libCMSIS_CORE_LPC17xx.a(system_LPC17xx.o)
 .data          0x00000000        0x0 Z:\PROC\workspace\CMSIS_CORE_LPC17xx\Debug\libCMSIS_CORE_LPC17xx.a(system_LPC17xx.o)
 .bss           0x00000000        0x0 Z:\PROC\workspace\CMSIS_CORE_LPC17xx\Debug\libCMSIS_CORE_LPC17xx.a(system_LPC17xx.o)
 .text.SystemCoreClockUpdate
                0x00000000       0xac Z:\PROC\workspace\CMSIS_CORE_LPC17xx\Debug\libCMSIS_CORE_LPC17xx.a(system_LPC17xx.o)
 .data.SystemCoreClock
                0x00000000        0x4 Z:\PROC\workspace\CMSIS_CORE_LPC17xx\Debug\libCMSIS_CORE_LPC17xx.a(system_LPC17xx.o)
 .debug_macro   0x00000000       0x10 Z:\PROC\workspace\CMSIS_CORE_LPC17xx\Debug\libCMSIS_CORE_LPC17xx.a(system_LPC17xx.o)
 .debug_macro   0x00000000      0x12d Z:\PROC\workspace\CMSIS_CORE_LPC17xx\Debug\libCMSIS_CORE_LPC17xx.a(system_LPC17xx.o)
 .debug_macro   0x00000000      0x5b2 Z:\PROC\workspace\CMSIS_CORE_LPC17xx\Debug\libCMSIS_CORE_LPC17xx.a(system_LPC17xx.o)
 .debug_macro   0x00000000       0x1c Z:\PROC\workspace\CMSIS_CORE_LPC17xx\Debug\libCMSIS_CORE_LPC17xx.a(system_LPC17xx.o)
 .debug_macro   0x00000000       0x3a Z:\PROC\workspace\CMSIS_CORE_LPC17xx\Debug\libCMSIS_CORE_LPC17xx.a(system_LPC17xx.o)
 .debug_macro   0x00000000       0x2d Z:\PROC\workspace\CMSIS_CORE_LPC17xx\Debug\libCMSIS_CORE_LPC17xx.a(system_LPC17xx.o)
 .debug_macro   0x00000000      0xbb1 Z:\PROC\workspace\CMSIS_CORE_LPC17xx\Debug\libCMSIS_CORE_LPC17xx.a(system_LPC17xx.o)
 .debug_macro   0x00000000      0x2c7 Z:\PROC\workspace\CMSIS_CORE_LPC17xx\Debug\libCMSIS_CORE_LPC17xx.a(system_LPC17xx.o)
 .group         0x00000000        0x8 Z:\PROC\workspace\MyLab_lib\Debug\libMyLab_lib.a(lcd.o)
 .group         0x00000000        0x8 Z:\PROC\workspace\MyLab_lib\Debug\libMyLab_lib.a(lcd.o)
 .group         0x00000000        0x8 Z:\PROC\workspace\MyLab_lib\Debug\libMyLab_lib.a(lcd.o)
 .group         0x00000000        0x8 Z:\PROC\workspace\MyLab_lib\Debug\libMyLab_lib.a(lcd.o)
 .group         0x00000000        0x8 Z:\PROC\workspace\MyLab_lib\Debug\libMyLab_lib.a(lcd.o)
 .group         0x00000000        0x8 Z:\PROC\workspace\MyLab_lib\Debug\libMyLab_lib.a(lcd.o)
 .group         0x00000000        0x8 Z:\PROC\workspace\MyLab_lib\Debug\libMyLab_lib.a(lcd.o)
 .group         0x00000000        0x8 Z:\PROC\workspace\MyLab_lib\Debug\libMyLab_lib.a(lcd.o)
 .group         0x00000000        0x8 Z:\PROC\workspace\MyLab_lib\Debug\libMyLab_lib.a(lcd.o)
 .group         0x00000000        0x8 Z:\PROC\workspace\MyLab_lib\Debug\libMyLab_lib.a(lcd.o)
 .text          0x00000000        0x0 Z:\PROC\workspace\MyLab_lib\Debug\libMyLab_lib.a(lcd.o)
 .data          0x00000000        0x0 Z:\PROC\workspace\MyLab_lib\Debug\libMyLab_lib.a(lcd.o)
 .bss           0x00000000        0x0 Z:\PROC\workspace\MyLab_lib\Debug\libMyLab_lib.a(lcd.o)
 .text.LCD_DATA_BUS_rd
                0x00000000       0x18 Z:\PROC\workspace\MyLab_lib\Debug\libMyLab_lib.a(lcd.o)
 .text.Busy     0x00000000       0x44 Z:\PROC\workspace\MyLab_lib\Debug\libMyLab_lib.a(lcd.o)
 .text.Read_Data
                0x00000000       0x44 Z:\PROC\workspace\MyLab_lib\Debug\libMyLab_lib.a(lcd.o)
 .text.Display_Picture
                0x00000000       0x60 Z:\PROC\workspace\MyLab_lib\Debug\libMyLab_lib.a(lcd.o)
 .text.Display_Chess
                0x00000000       0x7c Z:\PROC\workspace\MyLab_lib\Debug\libMyLab_lib.a(lcd.o)
 .text.Display_read
                0x00000000       0x60 Z:\PROC\workspace\MyLab_lib\Debug\libMyLab_lib.a(lcd.o)
 .bss.val.5104  0x00000000      0x200 Z:\PROC\workspace\MyLab_lib\Debug\libMyLab_lib.a(lcd.o)
 .debug_macro   0x00000000       0x1c Z:\PROC\workspace\MyLab_lib\Debug\libMyLab_lib.a(lcd.o)
 .debug_macro   0x00000000       0x3a Z:\PROC\workspace\MyLab_lib\Debug\libMyLab_lib.a(lcd.o)
 .debug_macro   0x00000000       0x10 Z:\PROC\workspace\MyLab_lib\Debug\libMyLab_lib.a(lcd.o)
 .debug_macro   0x00000000      0x12d Z:\PROC\workspace\MyLab_lib\Debug\libMyLab_lib.a(lcd.o)
 .debug_macro   0x00000000      0x5b2 Z:\PROC\workspace\MyLab_lib\Debug\libMyLab_lib.a(lcd.o)
 .debug_macro   0x00000000       0x2d Z:\PROC\workspace\MyLab_lib\Debug\libMyLab_lib.a(lcd.o)
 .debug_macro   0x00000000      0xbb1 Z:\PROC\workspace\MyLab_lib\Debug\libMyLab_lib.a(lcd.o)
 .debug_macro   0x00000000      0x2c7 Z:\PROC\workspace\MyLab_lib\Debug\libMyLab_lib.a(lcd.o)
 .text          0x00000000        0x0 c:/nxp/lpcxpresso_8.0.0_526/lpcxpresso/tools/bin/../lib/gcc/arm-none-eabi/4.9.3/../../../../arm-none-eabi/lib/armv7-m\libcr_c.a(__weak__main.o)
 .data          0x00000000        0x0 c:/nxp/lpcxpresso_8.0.0_526/lpcxpresso/tools/bin/../lib/gcc/arm-none-eabi/4.9.3/../../../../arm-none-eabi/lib/armv7-m\libcr_c.a(__weak__main.o)
 .bss           0x00000000        0x0 c:/nxp/lpcxpresso_8.0.0_526/lpcxpresso/tools/bin/../lib/gcc/arm-none-eabi/4.9.3/../../../../arm-none-eabi/lib/armv7-m\libcr_c.a(__weak__main.o)
 .text          0x00000000        0x0 c:/nxp/lpcxpresso_8.0.0_526/lpcxpresso/tools/bin/../lib/gcc/arm-none-eabi/4.9.3/armv7-m\libcr_eabihelpers.a(division_64.o)
 .data          0x00000000        0x0 c:/nxp/lpcxpresso_8.0.0_526/lpcxpresso/tools/bin/../lib/gcc/arm-none-eabi/4.9.3/armv7-m\libcr_eabihelpers.a(division_64.o)
 .bss           0x00000000        0x0 c:/nxp/lpcxpresso_8.0.0_526/lpcxpresso/tools/bin/../lib/gcc/arm-none-eabi/4.9.3/armv7-m\libcr_eabihelpers.a(division_64.o)
 .text.__aeabi_division_ldivmod
                0x00000000       0x26 c:/nxp/lpcxpresso_8.0.0_526/lpcxpresso/tools/bin/../lib/gcc/arm-none-eabi/4.9.3/armv7-m\libcr_eabihelpers.a(division_64.o)
 .text.__aeabi_division_uldivmod
                0x00000000      0x174 c:/nxp/lpcxpresso_8.0.0_526/lpcxpresso/tools/bin/../lib/gcc/arm-none-eabi/4.9.3/armv7-m\libcr_eabihelpers.a(division_64.o)
 .ARM.attributes
                0x00000000       0x21 c:/nxp/lpcxpresso_8.0.0_526/lpcxpresso/tools/bin/../lib/gcc/arm-none-eabi/4.9.3/armv7-m\libcr_eabihelpers.a(division_64.o)
 .text          0x00000000        0x0 c:/nxp/lpcxpresso_8.0.0_526/lpcxpresso/tools/bin/../lib/gcc/arm-none-eabi/4.9.3/armv7-m\libcr_eabihelpers.a(division_idiv0.o)
 .data          0x00000000        0x0 c:/nxp/lpcxpresso_8.0.0_526/lpcxpresso/tools/bin/../lib/gcc/arm-none-eabi/4.9.3/armv7-m\libcr_eabihelpers.a(division_idiv0.o)
 .bss           0x00000000        0x0 c:/nxp/lpcxpresso_8.0.0_526/lpcxpresso/tools/bin/../lib/gcc/arm-none-eabi/4.9.3/armv7-m\libcr_eabihelpers.a(division_idiv0.o)
 .text.__aeabi_division_idiv0
                0x00000000        0x2 c:/nxp/lpcxpresso_8.0.0_526/lpcxpresso/tools/bin/../lib/gcc/arm-none-eabi/4.9.3/armv7-m\libcr_eabihelpers.a(division_idiv0.o)
 .ARM.attributes
                0x00000000       0x21 c:/nxp/lpcxpresso_8.0.0_526/lpcxpresso/tools/bin/../lib/gcc/arm-none-eabi/4.9.3/armv7-m\libcr_eabihelpers.a(division_idiv0.o)

Memory Configuration

Name             Origin             Length             Attributes
MFlash512        0x00000000         0x00080000         xr
RamLoc32         0x10000000         0x00008000         xrw
RamAHB32         0x2007c000         0x00008000         xrw
*default*        0x00000000         0xffffffff

Linker script and memory map

LOAD ./src/Labo1.o
LOAD ./src/cr_startup_lpc175x_6x.o
LOAD ./src/crp.o
LOAD Z:\PROC\workspace\CMSIS_CORE_LPC17xx\Debug\libCMSIS_CORE_LPC17xx.a
LOAD Z:\PROC\workspace\MyLab_lib\Debug\libMyLab_lib.a
START GROUP
LOAD c:/nxp/lpcxpresso_8.0.0_526/lpcxpresso/tools/bin/../lib/gcc/arm-none-eabi/4.9.3/../../../../arm-none-eabi/lib/armv7-m\libcr_c.a
LOAD c:/nxp/lpcxpresso_8.0.0_526/lpcxpresso/tools/bin/../lib/gcc/arm-none-eabi/4.9.3/armv7-m\libcr_eabihelpers.a
END GROUP
                0x00000000                __base_MFlash512 = 0x0
                0x00000000                __base_Flash = 0x0
                0x00080000                __top_MFlash512 = 0x80000
                0x00080000                __top_Flash = 0x80000
                0x10000000                __base_RamLoc32 = 0x10000000
                0x10000000                __base_RAM = 0x10000000
                0x10008000                __top_RamLoc32 = 0x10008000
                0x10008000                __top_RAM = 0x10008000
                0x2007c000                __base_RamAHB32 = 0x2007c000
                0x2007c000                __base_RAM2 = 0x2007c000
                0x20084000                __top_RamAHB32 = 0x20084000
                0x20084000                __top_RAM2 = 0x20084000

.text           0x00000000      0x8d8
 FILL mask 0xff
                0x00000000                __vectors_start__ = ABSOLUTE (.)
 *(.isr_vector)
 .isr_vector    0x00000000       0xcc ./src/cr_startup_lpc175x_6x.o
                0x00000000                g_pfnVectors
                0x000000cc                . = ALIGN (0x4)
                0x000000cc                __section_table_start = .
                0x000000cc                __data_section_table = .
                0x000000cc        0x4 LONG 0x8d8 LOADADDR (.data)
                0x000000d0        0x4 LONG 0x10000000 ADDR (.data)
                0x000000d4        0x4 LONG 0x204 SIZEOF (.data)
                0x000000d8        0x4 LONG 0x8d8 LOADADDR (.data_RAM2)
                0x000000dc        0x4 LONG 0x2007c000 ADDR (.data_RAM2)
                0x000000e0        0x4 LONG 0x0 SIZEOF (.data_RAM2)
                0x000000e4                __data_section_table_end = .
                0x000000e4                __bss_section_table = .
                0x000000e4        0x4 LONG 0x10000204 ADDR (.bss)
                0x000000e8        0x4 LONG 0x0 SIZEOF (.bss)
                0x000000ec        0x4 LONG 0x2007c000 ADDR (.bss_RAM2)
                0x000000f0        0x4 LONG 0x0 SIZEOF (.bss_RAM2)
                0x000000f4                __bss_section_table_end = .
                0x000000f4                __section_table_end = .
 *(.after_vectors*)
 .after_vectors
                0x000000f4      0x144 ./src/cr_startup_lpc175x_6x.o
                0x000000f4                data_init
                0x00000138                bss_init
                0x00000170                ResetISR
                0x000001e8                NMI_Handler
                0x000001f0                HardFault_Handler
                0x000001f8                MemManage_Handler
                0x00000200                BusFault_Handler
                0x00000208                UsageFault_Handler
                0x00000210                SVC_Handler
                0x00000218                DebugMon_Handler
                0x00000220                PendSV_Handler
                0x00000228                SysTick_Handler
                0x00000230                EINT3_IRQHandler
                0x00000230                CANActivity_IRQHandler
                0x00000230                TIMER3_IRQHandler
                0x00000230                UART0_IRQHandler
                0x00000230                UART1_IRQHandler
                0x00000230                EINT2_IRQHandler
                0x00000230                USBActivity_IRQHandler
                0x00000230                IntDefaultHandler
                0x00000230                PLL0_IRQHandler
                0x00000230                I2C0_IRQHandler
                0x00000230                I2C1_IRQHandler
                0x00000230                SSP0_IRQHandler
                0x00000230                I2S_IRQHandler
                0x00000230                I2C2_IRQHandler
                0x00000230                RTC_IRQHandler
                0x00000230                TIMER0_IRQHandler
                0x00000230                SPI_IRQHandler
                0x00000230                RIT_IRQHandler
                0x00000230                EINT1_IRQHandler
                0x00000230                TIMER1_IRQHandler
                0x00000230                UART2_IRQHandler
                0x00000230                ADC_IRQHandler
                0x00000230                SSP1_IRQHandler
                0x00000230                USB_IRQHandler
                0x00000230                BOD_IRQHandler
                0x00000230                PLL1_IRQHandler
                0x00000230                WDT_IRQHandler
                0x00000230                PWM1_IRQHandler
                0x00000230                QEI_IRQHandler
                0x00000230                EINT0_IRQHandler
                0x00000230                CAN_IRQHandler
                0x00000230                DMA_IRQHandler
                0x00000230                TIMER2_IRQHandler
                0x00000230                UART3_IRQHandler
                0x00000230                MCPWM_IRQHandler
                0x00000230                ENET_IRQHandler
                0x000002fc                . = 0x2fc
 *fill*         0x00000238       0xc4 ff
                0x000002fc                PROVIDE (__CRP_WORD_START__, .)
 *(.crp)
 .crp           0x000002fc        0x4 ./src/crp.o
                0x000002fc                CRP_WORD
                0x00000300                PROVIDE (__CRP_WORD_END__, .)
                0x00000001                ASSERT (! ((__CRP_WORD_START__ == __CRP_WORD_END__)), Linker CRP Enabled, but no CRP_WORD provided within application)
 *(.text*)
 .text.isCaseOn
                0x00000300       0x2c ./src/Labo1.o
                0x00000300                isCaseOn
 .text.main     0x0000032c      0x11c ./src/Labo1.o
                0x0000032c                main
 .text.SystemInit
                0x00000448       0xe0 Z:\PROC\workspace\CMSIS_CORE_LPC17xx\Debug\libCMSIS_CORE_LPC17xx.a(system_LPC17xx.o)
                0x00000448                SystemInit
 .text.LCD_CS   0x00000528       0x2c Z:\PROC\workspace\MyLab_lib\Debug\libMyLab_lib.a(lcd.o)
 .text.LCD_E    0x00000554       0x2c Z:\PROC\workspace\MyLab_lib\Debug\libMyLab_lib.a(lcd.o)
 .text.LCD_RW   0x00000580       0x30 Z:\PROC\workspace\MyLab_lib\Debug\libMyLab_lib.a(lcd.o)
 .text.LCD_A0   0x000005b0       0x30 Z:\PROC\workspace\MyLab_lib\Debug\libMyLab_lib.a(lcd.o)
 .text.LCD_DATA_in
                0x000005e0       0x1c Z:\PROC\workspace\MyLab_lib\Debug\libMyLab_lib.a(lcd.o)
 .text.LCD_DATA_out
                0x000005fc       0x1c Z:\PROC\workspace\MyLab_lib\Debug\libMyLab_lib.a(lcd.o)
 .text.LCD_DATA_BUS_wr
                0x00000618       0x20 Z:\PROC\workspace\MyLab_lib\Debug\libMyLab_lib.a(lcd.o)
 .text.init_LCD_GPIO
                0x00000638       0x40 Z:\PROC\workspace\MyLab_lib\Debug\libMyLab_lib.a(lcd.o)
                0x00000638                init_LCD_GPIO
 .text.Delay    0x00000678       0x28 Z:\PROC\workspace\MyLab_lib\Debug\libMyLab_lib.a(lcd.o)
                0x00000678                Delay
 .text.init_LCD
                0x000006a0       0x5c Z:\PROC\workspace\MyLab_lib\Debug\libMyLab_lib.a(lcd.o)
                0x000006a0                init_LCD
 .text.Initial_Dispay_Line
                0x000006fc       0x24 Z:\PROC\workspace\MyLab_lib\Debug\libMyLab_lib.a(lcd.o)
                0x000006fc                Initial_Dispay_Line
 .text.Power_Control
                0x00000720       0x20 Z:\PROC\workspace\MyLab_lib\Debug\libMyLab_lib.a(lcd.o)
                0x00000720                Power_Control
 .text.Regulor_Resistor_Select
                0x00000740       0x20 Z:\PROC\workspace\MyLab_lib\Debug\libMyLab_lib.a(lcd.o)
                0x00000740                Regulor_Resistor_Select
 .text.Set_Contrast_Control_Register
                0x00000760       0x20 Z:\PROC\workspace\MyLab_lib\Debug\libMyLab_lib.a(lcd.o)
                0x00000760                Set_Contrast_Control_Register
 .text.Write_Data
                0x00000780       0x4c Z:\PROC\workspace\MyLab_lib\Debug\libMyLab_lib.a(lcd.o)
                0x00000780                Write_Data
 .text.Write_Instruction
                0x000007cc       0x4c Z:\PROC\workspace\MyLab_lib\Debug\libMyLab_lib.a(lcd.o)
                0x000007cc                Write_Instruction
 .text.Display_Picture32
                0x00000818       0x64 Z:\PROC\workspace\MyLab_lib\Debug\libMyLab_lib.a(lcd.o)
                0x00000818                Display_Picture32
 .text.Set_Page_Address
                0x0000087c       0x24 Z:\PROC\workspace\MyLab_lib\Debug\libMyLab_lib.a(lcd.o)
                0x0000087c                Set_Page_Address
 .text.Set_Column_Address
                0x000008a0       0x34 Z:\PROC\workspace\MyLab_lib\Debug\libMyLab_lib.a(lcd.o)
                0x000008a0                Set_Column_Address
 .text.__weak_main
                0x000008d4        0x4 c:/nxp/lpcxpresso_8.0.0_526/lpcxpresso/tools/bin/../lib/gcc/arm-none-eabi/4.9.3/../../../../arm-none-eabi/lib/armv7-m\libcr_c.a(__weak__main.o)
                0x000008d4                __weak_main
                0x000008d4                __main
 *(.rodata .rodata.* .constdata .constdata.*)
                0x000008d8                . = ALIGN (0x4)

.glue_7         0x000008d8        0x0
 .glue_7        0x00000000        0x0 linker stubs

.glue_7t        0x000008d8        0x0
 .glue_7t       0x00000000        0x0 linker stubs

.vfp11_veneer   0x000008d8        0x0
 .vfp11_veneer  0x00000000        0x0 linker stubs

.v4_bx          0x000008d8        0x0
 .v4_bx         0x00000000        0x0 linker stubs

.iplt           0x000008d8        0x0
 .iplt          0x00000000        0x0 ./src/Labo1.o

.rel.dyn        0x000008d8        0x0
 .rel.iplt      0x00000000        0x0 ./src/Labo1.o

.ARM.extab
 *(.ARM.extab* .gnu.linkonce.armextab.*)
                0x000008d8                __exidx_start = .

.ARM.exidx
 *(.ARM.exidx* .gnu.linkonce.armexidx.*)
                0x000008d8                __exidx_end = .
                0x000008d8                _etext = .

.data_RAM2      0x2007c000        0x0 load address 0x000008d8
 FILL mask 0xff
                0x2007c000                PROVIDE (__start_data_RAM2, .)
 *(.ramfunc.$RAM2)
 *(.ramfunc.$RamAHB32)
 *(.data.$RAM2*)
 *(.data.$RamAHB32*)
                0x2007c000                . = ALIGN (0x4)
                0x2007c000                PROVIDE (__end_data_RAM2, .)

.uninit_RESERVED
                0x10000000        0x0
 *(.bss.$RESERVED*)
                0x10000000                . = ALIGN (0x4)
                0x10000000                _end_uninit_RESERVED = .

.data           0x10000000      0x204 load address 0x000008d8
 FILL mask 0xff
                0x10000000                _data = .
 *(vtable)
 *(.ramfunc*)
 *(.data*)
 .data.image    0x10000000      0x200 ./src/Labo1.o
                0x10000000                image
 .data.Contrast_level
                0x10000200        0x1 Z:\PROC\workspace\MyLab_lib\Debug\libMyLab_lib.a(lcd.o)
                0x10000204                . = ALIGN (0x4)
 *fill*         0x10000201        0x3 ff
                0x10000204                _edata = .

.igot.plt       0x10000204        0x0 load address 0x00000adc
 .igot.plt      0x00000000        0x0 ./src/Labo1.o

.bss_RAM2       0x2007c000        0x0
                0x2007c000                PROVIDE (__start_bss_RAM2, .)
 *(.bss.$RAM2*)
 *(.bss.$RamAHB32*)
                0x2007c000                . = ALIGN ((. != 0x0)?0x4:0x1)
                0x2007c000                PROVIDE (__end_bss_RAM2, .)

.bss            0x10000204        0x0
                0x10000204                _bss = .
 *(.bss*)
 *(COMMON)
                0x10000204                . = ALIGN (0x4)
                0x10000204                _ebss = .
                0x10000204                PROVIDE (end, .)

.noinit_RAM2    0x2007c000        0x0
 *(.noinit.$RAM2*)
 *(.noinit.$RamAHB32*)
                0x2007c000                . = ALIGN (0x4)

.noinit         0x10000204        0x0
                0x10000204                _noinit = .
 *(.noinit*)
                0x10000204                . = ALIGN (0x4)
                0x10000204                _end_noinit = .
                0x10000204                PROVIDE (_pvHeapStart, DEFINED (__user_heap_base)?__user_heap_base:.)
                0x10008000                PROVIDE (_vStackTop, DEFINED (__user_stack_top)?__user_stack_top:(__top_RamLoc32 - 0x0))
                0xefff74b2                PROVIDE (__valid_user_code_checksum, (0x0 - ((((((_vStackTop + (ResetISR + 0x1)) + (NMI_Handler + 0x1)) + (HardFault_Handler + 0x1)) + (DEFINED (MemManage_Handler)?MemManage_Handler:0x0 + 0x1)) + (DEFINED (BusFault_Handler)?BusFault_Handler:0x0 + 0x1)) + (DEFINED (UsageFault_Handler)?UsageFault_Handler:0x0 + 0x1))))
OUTPUT(Labo1.axf elf32-littlearm)

.debug_info     0x00000000      0xe77
 .debug_info    0x00000000      0x19a ./src/Labo1.o
 .debug_info    0x0000019a      0x24b ./src/cr_startup_lpc175x_6x.o
 .debug_info    0x000003e5       0x3f ./src/crp.o
 .debug_info    0x00000424      0x318 Z:\PROC\workspace\CMSIS_CORE_LPC17xx\Debug\libCMSIS_CORE_LPC17xx.a(system_LPC17xx.o)
 .debug_info    0x0000073c      0x73b Z:\PROC\workspace\MyLab_lib\Debug\libMyLab_lib.a(lcd.o)

.debug_abbrev   0x00000000      0x4c1
 .debug_abbrev  0x00000000       0xf2 ./src/Labo1.o
 .debug_abbrev  0x000000f2       0xf5 ./src/cr_startup_lpc175x_6x.o
 .debug_abbrev  0x000001e7       0x36 ./src/crp.o
 .debug_abbrev  0x0000021d       0xe6 Z:\PROC\workspace\CMSIS_CORE_LPC17xx\Debug\libCMSIS_CORE_LPC17xx.a(system_LPC17xx.o)
 .debug_abbrev  0x00000303      0x1be Z:\PROC\workspace\MyLab_lib\Debug\libMyLab_lib.a(lcd.o)

.debug_aranges  0x00000000      0x1c8
 .debug_aranges
                0x00000000       0x28 ./src/Labo1.o
 .debug_aranges
                0x00000028       0x80 ./src/cr_startup_lpc175x_6x.o
 .debug_aranges
                0x000000a8       0x18 ./src/crp.o
 .debug_aranges
                0x000000c0       0x28 Z:\PROC\workspace\CMSIS_CORE_LPC17xx\Debug\libCMSIS_CORE_LPC17xx.a(system_LPC17xx.o)
 .debug_aranges
                0x000000e8       0xe0 Z:\PROC\workspace\MyLab_lib\Debug\libMyLab_lib.a(lcd.o)

.debug_ranges   0x00000000      0x170
 .debug_ranges  0x00000000       0x18 ./src/Labo1.o
 .debug_ranges  0x00000018       0x70 ./src/cr_startup_lpc175x_6x.o
 .debug_ranges  0x00000088       0x18 Z:\PROC\workspace\CMSIS_CORE_LPC17xx\Debug\libCMSIS_CORE_LPC17xx.a(system_LPC17xx.o)
 .debug_ranges  0x000000a0       0xd0 Z:\PROC\workspace\MyLab_lib\Debug\libMyLab_lib.a(lcd.o)

.debug_macro    0x00000000     0x3387
 .debug_macro   0x00000000       0x8a ./src/Labo1.o
 .debug_macro   0x0000008a      0x880 ./src/Labo1.o
 .debug_macro   0x0000090a       0x1c ./src/Labo1.o
 .debug_macro   0x00000926       0x3a ./src/Labo1.o
 .debug_macro   0x00000960       0x10 ./src/Labo1.o
 .debug_macro   0x00000970      0x12d ./src/Labo1.o
 .debug_macro   0x00000a9d      0x5b2 ./src/Labo1.o
 .debug_macro   0x0000104f       0x2d ./src/Labo1.o
 .debug_macro   0x0000107c      0xbb1 ./src/Labo1.o
 .debug_macro   0x00001c2d      0x2c7 ./src/Labo1.o
 .debug_macro   0x00001ef4       0x82 ./src/Labo1.o
 .debug_macro   0x00001f76       0x7c ./src/Labo1.o
 .debug_macro   0x00001ff2       0x1d ./src/cr_startup_lpc175x_6x.o
 .debug_macro   0x0000200f       0x1a ./src/crp.o
 .debug_macro   0x00002029       0x34 ./src/crp.o
 .debug_macro   0x0000205d      0x12d Z:\PROC\workspace\CMSIS_CORE_LPC17xx\Debug\libCMSIS_CORE_LPC17xx.a(system_LPC17xx.o)
 .debug_macro   0x0000218a      0x87a Z:\PROC\workspace\CMSIS_CORE_LPC17xx\Debug\libCMSIS_CORE_LPC17xx.a(system_LPC17xx.o)
 .debug_macro   0x00002a04       0x87 Z:\PROC\workspace\MyLab_lib\Debug\libMyLab_lib.a(lcd.o)
 .debug_macro   0x00002a8b      0x886 Z:\PROC\workspace\MyLab_lib\Debug\libMyLab_lib.a(lcd.o)
 .debug_macro   0x00003311       0x76 Z:\PROC\workspace\MyLab_lib\Debug\libMyLab_lib.a(lcd.o)

.debug_line     0x00000000      0x9f5
 .debug_line    0x00000000      0x225 ./src/Labo1.o
 .debug_line    0x00000225       0xd5 ./src/cr_startup_lpc175x_6x.o
 .debug_line    0x000002fa       0x78 ./src/crp.o
 .debug_line    0x00000372      0x1f8 Z:\PROC\workspace\CMSIS_CORE_LPC17xx\Debug\libCMSIS_CORE_LPC17xx.a(system_LPC17xx.o)
 .debug_line    0x0000056a      0x48b Z:\PROC\workspace\MyLab_lib\Debug\libMyLab_lib.a(lcd.o)

.debug_str      0x00000000     0xa661
 .debug_str     0x00000000     0x9b94 ./src/Labo1.o
                               0x9c1a (size before relaxing)
 .debug_str     0x00009b94      0x1c2 ./src/cr_startup_lpc175x_6x.o
                               0x2638 (size before relaxing)
 .debug_str     0x00009d56       0xe9 ./src/crp.o
                               0x2550 (size before relaxing)
 .debug_str     0x00009e3f      0x535 Z:\PROC\workspace\CMSIS_CORE_LPC17xx\Debug\libCMSIS_CORE_LPC17xx.a(system_LPC17xx.o)
                               0x9944 (size before relaxing)
 .debug_str     0x0000a374      0x2ed Z:\PROC\workspace\MyLab_lib\Debug\libMyLab_lib.a(lcd.o)
                               0x9a7d (size before relaxing)

.comment        0x00000000       0xe0
 .comment       0x00000000       0x70 ./src/Labo1.o
                                 0x71 (size before relaxing)
 .comment       0x00000000       0x71 ./src/cr_startup_lpc175x_6x.o
 .comment       0x00000000       0x71 ./src/crp.o
 .comment       0x00000000       0x71 Z:\PROC\workspace\CMSIS_CORE_LPC17xx\Debug\libCMSIS_CORE_LPC17xx.a(system_LPC17xx.o)
 .comment       0x00000000       0x71 Z:\PROC\workspace\MyLab_lib\Debug\libMyLab_lib.a(lcd.o)
 .comment       0x00000070       0x70 c:/nxp/lpcxpresso_8.0.0_526/lpcxpresso/tools/bin/../lib/gcc/arm-none-eabi/4.9.3/../../../../arm-none-eabi/lib/armv7-m\libcr_c.a(__weak__main.o)
                                 0x71 (size before relaxing)

.ARM.attributes
                0x00000000       0x31
 .ARM.attributes
                0x00000000       0x33 ./src/Labo1.o
 .ARM.attributes
                0x00000033       0x33 ./src/cr_startup_lpc175x_6x.o
 .ARM.attributes
                0x00000066       0x33 ./src/crp.o
 .ARM.attributes
                0x00000099       0x33 Z:\PROC\workspace\CMSIS_CORE_LPC17xx\Debug\libCMSIS_CORE_LPC17xx.a(system_LPC17xx.o)
 .ARM.attributes
                0x000000cc       0x33 Z:\PROC\workspace\MyLab_lib\Debug\libMyLab_lib.a(lcd.o)
 .ARM.attributes
                0x000000ff       0x33 c:/nxp/lpcxpresso_8.0.0_526/lpcxpresso/tools/bin/../lib/gcc/arm-none-eabi/4.9.3/../../../../arm-none-eabi/lib/armv7-m\libcr_c.a(__weak__main.o)

.debug_frame    0x00000000      0x598
 .debug_frame   0x00000000       0x58 ./src/Labo1.o
 .debug_frame   0x00000058      0x170 ./src/cr_startup_lpc175x_6x.o
 .debug_frame   0x000001c8       0x3c Z:\PROC\workspace\CMSIS_CORE_LPC17xx\Debug\libCMSIS_CORE_LPC17xx.a(system_LPC17xx.o)
 .debug_frame   0x00000204      0x394 Z:\PROC\workspace\MyLab_lib\Debug\libMyLab_lib.a(lcd.o)
