Archive member included to satisfy reference by file (symbol)

/Users/maximelovino/Google Drive/HEPIA/2016-2017/IT_231 - Processeurs/LABS/workspace/MyLab_lib/Debug/libMyLab_lib.a(GPIO.o)
                              ./src/labo5_Interruption.o (Led8SetState)
/Users/maximelovino/Google Drive/HEPIA/2016-2017/IT_231 - Processeurs/LABS/workspace/CMSIS_CORE_LPC17xx/Debug/libCMSIS_CORE_LPC17xx.a(system_LPC17xx.o)
                              ./src/cr_startup_lpc175x_6x.o (SystemInit)
/Applications/lpcxpresso_8.2.2_650/lpcxpresso/tools/bin/../lib/gcc/arm-none-eabi/5.4.1/../../../../arm-none-eabi/lib/armv7-m/libcr_c.a(__weak__main.o)
                              ./src/cr_startup_lpc175x_6x.o (__main)
/Applications/lpcxpresso_8.2.2_650/lpcxpresso/tools/bin/../lib/gcc/arm-none-eabi/5.4.1/armv7-m/libcr_eabihelpers.a(division_64.o)
                              /Users/maximelovino/Google Drive/HEPIA/2016-2017/IT_231 - Processeurs/LABS/workspace/CMSIS_CORE_LPC17xx/Debug/libCMSIS_CORE_LPC17xx.a(system_LPC17xx.o) (__aeabi_uldivmod)
/Applications/lpcxpresso_8.2.2_650/lpcxpresso/tools/bin/../lib/gcc/arm-none-eabi/5.4.1/armv7-m/libcr_eabihelpers.a(division_idiv0.o)
                              /Applications/lpcxpresso_8.2.2_650/lpcxpresso/tools/bin/../lib/gcc/arm-none-eabi/5.4.1/armv7-m/libcr_eabihelpers.a(division_64.o) (__aeabi_idiv0)

Allocating common symbols
Common symbol       size              file

valuesJoystick      0x5               /Users/maximelovino/Google Drive/HEPIA/2016-2017/IT_231 - Processeurs/LABS/workspace/MyLab_lib/Debug/libMyLab_lib.a(GPIO.o)
exo                 0x1               ./src/labo5_Interruption.o

Discarded input sections

 .group         0x0000000000000000        0x8 ./src/cr_startup_lpc175x_6x.o
 .text          0x0000000000000000        0x0 ./src/cr_startup_lpc175x_6x.o
 .data          0x0000000000000000        0x0 ./src/cr_startup_lpc175x_6x.o
 .bss           0x0000000000000000        0x0 ./src/cr_startup_lpc175x_6x.o
 .group         0x0000000000000000        0x8 ./src/crp.o
 .group         0x0000000000000000        0x8 ./src/crp.o
 .text          0x0000000000000000        0x0 ./src/crp.o
 .data          0x0000000000000000        0x0 ./src/crp.o
 .bss           0x0000000000000000        0x0 ./src/crp.o
 .crp           0x0000000000000000        0x4 ./src/crp.o
 .debug_info    0x0000000000000000       0x3f ./src/crp.o
 .debug_abbrev  0x0000000000000000       0x36 ./src/crp.o
 .debug_aranges
                0x0000000000000000       0x18 ./src/crp.o
 .debug_macro   0x0000000000000000       0x1a ./src/crp.o
 .debug_macro   0x0000000000000000      0x892 ./src/crp.o
 .debug_macro   0x0000000000000000       0x34 ./src/crp.o
 .debug_line    0x0000000000000000       0x7f ./src/crp.o
 .debug_str     0x0000000000000000     0x25fb ./src/crp.o
 .comment       0x0000000000000000       0x6f ./src/crp.o
 .ARM.attributes
                0x0000000000000000       0x33 ./src/crp.o
 .group         0x0000000000000000        0x8 ./src/labo5_Interruption.o
 .group         0x0000000000000000        0x8 ./src/labo5_Interruption.o
 .group         0x0000000000000000        0x8 ./src/labo5_Interruption.o
 .group         0x0000000000000000        0x8 ./src/labo5_Interruption.o
 .group         0x0000000000000000        0x8 ./src/labo5_Interruption.o
 .group         0x0000000000000000        0x8 ./src/labo5_Interruption.o
 .text          0x0000000000000000        0x0 ./src/labo5_Interruption.o
 .data          0x0000000000000000        0x0 ./src/labo5_Interruption.o
 .bss           0x0000000000000000        0x0 ./src/labo5_Interruption.o
 .debug_macro   0x0000000000000000      0x892 ./src/labo5_Interruption.o
 .group         0x0000000000000000        0x8 /Users/maximelovino/Google Drive/HEPIA/2016-2017/IT_231 - Processeurs/LABS/workspace/MyLab_lib/Debug/libMyLab_lib.a(GPIO.o)
 .group         0x0000000000000000        0x8 /Users/maximelovino/Google Drive/HEPIA/2016-2017/IT_231 - Processeurs/LABS/workspace/MyLab_lib/Debug/libMyLab_lib.a(GPIO.o)
 .group         0x0000000000000000        0x8 /Users/maximelovino/Google Drive/HEPIA/2016-2017/IT_231 - Processeurs/LABS/workspace/MyLab_lib/Debug/libMyLab_lib.a(GPIO.o)
 .group         0x0000000000000000        0x8 /Users/maximelovino/Google Drive/HEPIA/2016-2017/IT_231 - Processeurs/LABS/workspace/MyLab_lib/Debug/libMyLab_lib.a(GPIO.o)
 .group         0x0000000000000000        0x8 /Users/maximelovino/Google Drive/HEPIA/2016-2017/IT_231 - Processeurs/LABS/workspace/MyLab_lib/Debug/libMyLab_lib.a(GPIO.o)
 .group         0x0000000000000000        0x8 /Users/maximelovino/Google Drive/HEPIA/2016-2017/IT_231 - Processeurs/LABS/workspace/MyLab_lib/Debug/libMyLab_lib.a(GPIO.o)
 .text          0x0000000000000000        0x0 /Users/maximelovino/Google Drive/HEPIA/2016-2017/IT_231 - Processeurs/LABS/workspace/MyLab_lib/Debug/libMyLab_lib.a(GPIO.o)
 .data          0x0000000000000000        0x0 /Users/maximelovino/Google Drive/HEPIA/2016-2017/IT_231 - Processeurs/LABS/workspace/MyLab_lib/Debug/libMyLab_lib.a(GPIO.o)
 .bss           0x0000000000000000        0x0 /Users/maximelovino/Google Drive/HEPIA/2016-2017/IT_231 - Processeurs/LABS/workspace/MyLab_lib/Debug/libMyLab_lib.a(GPIO.o)
 .text.init     0x0000000000000000       0x20 /Users/maximelovino/Google Drive/HEPIA/2016-2017/IT_231 - Processeurs/LABS/workspace/MyLab_lib/Debug/libMyLab_lib.a(GPIO.o)
 .text.delai    0x0000000000000000       0x48 /Users/maximelovino/Google Drive/HEPIA/2016-2017/IT_231 - Processeurs/LABS/workspace/MyLab_lib/Debug/libMyLab_lib.a(GPIO.o)
 .text.LedSetState
                0x0000000000000000       0x50 /Users/maximelovino/Google Drive/HEPIA/2016-2017/IT_231 - Processeurs/LABS/workspace/MyLab_lib/Debug/libMyLab_lib.a(GPIO.o)
 .debug_macro   0x0000000000000000      0x2cc /Users/maximelovino/Google Drive/HEPIA/2016-2017/IT_231 - Processeurs/LABS/workspace/MyLab_lib/Debug/libMyLab_lib.a(GPIO.o)
 .debug_macro   0x0000000000000000       0x10 /Users/maximelovino/Google Drive/HEPIA/2016-2017/IT_231 - Processeurs/LABS/workspace/MyLab_lib/Debug/libMyLab_lib.a(GPIO.o)
 .debug_macro   0x0000000000000000      0x12d /Users/maximelovino/Google Drive/HEPIA/2016-2017/IT_231 - Processeurs/LABS/workspace/MyLab_lib/Debug/libMyLab_lib.a(GPIO.o)
 .debug_macro   0x0000000000000000      0x5b2 /Users/maximelovino/Google Drive/HEPIA/2016-2017/IT_231 - Processeurs/LABS/workspace/MyLab_lib/Debug/libMyLab_lib.a(GPIO.o)
 .debug_macro   0x0000000000000000       0x22 /Users/maximelovino/Google Drive/HEPIA/2016-2017/IT_231 - Processeurs/LABS/workspace/MyLab_lib/Debug/libMyLab_lib.a(GPIO.o)
 .group         0x0000000000000000        0x8 /Users/maximelovino/Google Drive/HEPIA/2016-2017/IT_231 - Processeurs/LABS/workspace/CMSIS_CORE_LPC17xx/Debug/libCMSIS_CORE_LPC17xx.a(system_LPC17xx.o)
 .group         0x0000000000000000        0x8 /Users/maximelovino/Google Drive/HEPIA/2016-2017/IT_231 - Processeurs/LABS/workspace/CMSIS_CORE_LPC17xx/Debug/libCMSIS_CORE_LPC17xx.a(system_LPC17xx.o)
 .group         0x0000000000000000        0x8 /Users/maximelovino/Google Drive/HEPIA/2016-2017/IT_231 - Processeurs/LABS/workspace/CMSIS_CORE_LPC17xx/Debug/libCMSIS_CORE_LPC17xx.a(system_LPC17xx.o)
 .group         0x0000000000000000        0x8 /Users/maximelovino/Google Drive/HEPIA/2016-2017/IT_231 - Processeurs/LABS/workspace/CMSIS_CORE_LPC17xx/Debug/libCMSIS_CORE_LPC17xx.a(system_LPC17xx.o)
 .group         0x0000000000000000        0x8 /Users/maximelovino/Google Drive/HEPIA/2016-2017/IT_231 - Processeurs/LABS/workspace/CMSIS_CORE_LPC17xx/Debug/libCMSIS_CORE_LPC17xx.a(system_LPC17xx.o)
 .group         0x0000000000000000        0x8 /Users/maximelovino/Google Drive/HEPIA/2016-2017/IT_231 - Processeurs/LABS/workspace/CMSIS_CORE_LPC17xx/Debug/libCMSIS_CORE_LPC17xx.a(system_LPC17xx.o)
 .group         0x0000000000000000        0x8 /Users/maximelovino/Google Drive/HEPIA/2016-2017/IT_231 - Processeurs/LABS/workspace/CMSIS_CORE_LPC17xx/Debug/libCMSIS_CORE_LPC17xx.a(system_LPC17xx.o)
 .group         0x0000000000000000        0x8 /Users/maximelovino/Google Drive/HEPIA/2016-2017/IT_231 - Processeurs/LABS/workspace/CMSIS_CORE_LPC17xx/Debug/libCMSIS_CORE_LPC17xx.a(system_LPC17xx.o)
 .group         0x0000000000000000        0x8 /Users/maximelovino/Google Drive/HEPIA/2016-2017/IT_231 - Processeurs/LABS/workspace/CMSIS_CORE_LPC17xx/Debug/libCMSIS_CORE_LPC17xx.a(system_LPC17xx.o)
 .text          0x0000000000000000        0x0 /Users/maximelovino/Google Drive/HEPIA/2016-2017/IT_231 - Processeurs/LABS/workspace/CMSIS_CORE_LPC17xx/Debug/libCMSIS_CORE_LPC17xx.a(system_LPC17xx.o)
 .data          0x0000000000000000        0x0 /Users/maximelovino/Google Drive/HEPIA/2016-2017/IT_231 - Processeurs/LABS/workspace/CMSIS_CORE_LPC17xx/Debug/libCMSIS_CORE_LPC17xx.a(system_LPC17xx.o)
 .bss           0x0000000000000000        0x0 /Users/maximelovino/Google Drive/HEPIA/2016-2017/IT_231 - Processeurs/LABS/workspace/CMSIS_CORE_LPC17xx/Debug/libCMSIS_CORE_LPC17xx.a(system_LPC17xx.o)
 .text.SystemCoreClockUpdate
                0x0000000000000000       0xac /Users/maximelovino/Google Drive/HEPIA/2016-2017/IT_231 - Processeurs/LABS/workspace/CMSIS_CORE_LPC17xx/Debug/libCMSIS_CORE_LPC17xx.a(system_LPC17xx.o)
 .data.SystemCoreClock
                0x0000000000000000        0x4 /Users/maximelovino/Google Drive/HEPIA/2016-2017/IT_231 - Processeurs/LABS/workspace/CMSIS_CORE_LPC17xx/Debug/libCMSIS_CORE_LPC17xx.a(system_LPC17xx.o)
 .debug_macro   0x0000000000000000       0x10 /Users/maximelovino/Google Drive/HEPIA/2016-2017/IT_231 - Processeurs/LABS/workspace/CMSIS_CORE_LPC17xx/Debug/libCMSIS_CORE_LPC17xx.a(system_LPC17xx.o)
 .debug_macro   0x0000000000000000      0x12d /Users/maximelovino/Google Drive/HEPIA/2016-2017/IT_231 - Processeurs/LABS/workspace/CMSIS_CORE_LPC17xx/Debug/libCMSIS_CORE_LPC17xx.a(system_LPC17xx.o)
 .debug_macro   0x0000000000000000      0x5b2 /Users/maximelovino/Google Drive/HEPIA/2016-2017/IT_231 - Processeurs/LABS/workspace/CMSIS_CORE_LPC17xx/Debug/libCMSIS_CORE_LPC17xx.a(system_LPC17xx.o)
 .text          0x0000000000000000        0x0 /Applications/lpcxpresso_8.2.2_650/lpcxpresso/tools/bin/../lib/gcc/arm-none-eabi/5.4.1/../../../../arm-none-eabi/lib/armv7-m/libcr_c.a(__weak__main.o)
 .data          0x0000000000000000        0x0 /Applications/lpcxpresso_8.2.2_650/lpcxpresso/tools/bin/../lib/gcc/arm-none-eabi/5.4.1/../../../../arm-none-eabi/lib/armv7-m/libcr_c.a(__weak__main.o)
 .bss           0x0000000000000000        0x0 /Applications/lpcxpresso_8.2.2_650/lpcxpresso/tools/bin/../lib/gcc/arm-none-eabi/5.4.1/../../../../arm-none-eabi/lib/armv7-m/libcr_c.a(__weak__main.o)
 .text          0x0000000000000000        0x0 /Applications/lpcxpresso_8.2.2_650/lpcxpresso/tools/bin/../lib/gcc/arm-none-eabi/5.4.1/armv7-m/libcr_eabihelpers.a(division_64.o)
 .data          0x0000000000000000        0x0 /Applications/lpcxpresso_8.2.2_650/lpcxpresso/tools/bin/../lib/gcc/arm-none-eabi/5.4.1/armv7-m/libcr_eabihelpers.a(division_64.o)
 .bss           0x0000000000000000        0x0 /Applications/lpcxpresso_8.2.2_650/lpcxpresso/tools/bin/../lib/gcc/arm-none-eabi/5.4.1/armv7-m/libcr_eabihelpers.a(division_64.o)
 .text.__aeabi_division_ldivmod
                0x0000000000000000       0x26 /Applications/lpcxpresso_8.2.2_650/lpcxpresso/tools/bin/../lib/gcc/arm-none-eabi/5.4.1/armv7-m/libcr_eabihelpers.a(division_64.o)
 .text.__aeabi_division_uldivmod
                0x0000000000000000      0x174 /Applications/lpcxpresso_8.2.2_650/lpcxpresso/tools/bin/../lib/gcc/arm-none-eabi/5.4.1/armv7-m/libcr_eabihelpers.a(division_64.o)
 .ARM.attributes
                0x0000000000000000       0x21 /Applications/lpcxpresso_8.2.2_650/lpcxpresso/tools/bin/../lib/gcc/arm-none-eabi/5.4.1/armv7-m/libcr_eabihelpers.a(division_64.o)
 .text          0x0000000000000000        0x0 /Applications/lpcxpresso_8.2.2_650/lpcxpresso/tools/bin/../lib/gcc/arm-none-eabi/5.4.1/armv7-m/libcr_eabihelpers.a(division_idiv0.o)
 .data          0x0000000000000000        0x0 /Applications/lpcxpresso_8.2.2_650/lpcxpresso/tools/bin/../lib/gcc/arm-none-eabi/5.4.1/armv7-m/libcr_eabihelpers.a(division_idiv0.o)
 .bss           0x0000000000000000        0x0 /Applications/lpcxpresso_8.2.2_650/lpcxpresso/tools/bin/../lib/gcc/arm-none-eabi/5.4.1/armv7-m/libcr_eabihelpers.a(division_idiv0.o)
 .text.__aeabi_division_idiv0
                0x0000000000000000        0x2 /Applications/lpcxpresso_8.2.2_650/lpcxpresso/tools/bin/../lib/gcc/arm-none-eabi/5.4.1/armv7-m/libcr_eabihelpers.a(division_idiv0.o)
 .ARM.attributes
                0x0000000000000000       0x21 /Applications/lpcxpresso_8.2.2_650/lpcxpresso/tools/bin/../lib/gcc/arm-none-eabi/5.4.1/armv7-m/libcr_eabihelpers.a(division_idiv0.o)

Memory Configuration

Name             Origin             Length             Attributes
MFlash512        0x0000000000000000 0x0000000000080000 xr
RamLoc32         0x0000000010000000 0x0000000000008000 xrw
*default*        0x0000000000000000 0xffffffffffffffff

Linker script and memory map

LOAD ./src/cr_startup_lpc175x_6x.o
LOAD ./src/crp.o
LOAD ./src/labo5_Interruption.o
LOAD /Users/maximelovino/Google Drive/HEPIA/2016-2017/IT_231 - Processeurs/LABS/workspace/MyLab_lib/Debug/libMyLab_lib.a
LOAD /Users/maximelovino/Google Drive/HEPIA/2016-2017/IT_231 - Processeurs/LABS/workspace/CMSIS_CORE_LPC17xx/Debug/libCMSIS_CORE_LPC17xx.a
START GROUP
LOAD /Applications/lpcxpresso_8.2.2_650/lpcxpresso/tools/bin/../lib/gcc/arm-none-eabi/5.4.1/../../../../arm-none-eabi/lib/armv7-m/libcr_c.a
LOAD /Applications/lpcxpresso_8.2.2_650/lpcxpresso/tools/bin/../lib/gcc/arm-none-eabi/5.4.1/armv7-m/libcr_eabihelpers.a
END GROUP
                0x0000000000000000                __base_MFlash512 = 0x0
                0x0000000000000000                __base_Flash = 0x0
                0x0000000000080000                __top_MFlash512 = 0x80000
                0x0000000000080000                __top_Flash = 0x80000
                0x0000000010000000                __base_RamLoc32 = 0x10000000
                0x0000000010000000                __base_RAM = 0x10000000
                0x0000000010008000                __top_RamLoc32 = 0x10008000
                0x0000000010008000                __top_RAM = 0x10008000

.text           0x0000000000000000      0x6b8
 FILL mask 0xff
                0x0000000000000000                __vectors_start__ = ABSOLUTE (.)
 *(.isr_vector)
 .isr_vector    0x0000000000000000       0xcc ./src/cr_startup_lpc175x_6x.o
                0x0000000000000000                g_pfnVectors
                0x00000000000000cc                . = ALIGN (0x4)
                0x00000000000000cc                __section_table_start = .
                0x00000000000000cc                __data_section_table = .
                0x00000000000000cc        0x4 LONG 0x6b8 LOADADDR (.data)
                0x00000000000000d0        0x4 LONG 0x10000000 ADDR (.data)
                0x00000000000000d4        0x4 LONG 0xc SIZEOF (.data)
                0x00000000000000d8                __data_section_table_end = .
                0x00000000000000d8                __bss_section_table = .
                0x00000000000000d8        0x4 LONG 0x1000000c ADDR (.bss)
                0x00000000000000dc        0x4 LONG 0xc SIZEOF (.bss)
                0x00000000000000e0                __bss_section_table_end = .
                0x00000000000000e0                __section_table_end = .
 *(.after_vectors*)
 .after_vectors
                0x00000000000000e0      0x144 ./src/cr_startup_lpc175x_6x.o
                0x00000000000000e0                data_init
                0x0000000000000124                bss_init
                0x000000000000015c                ResetISR
                0x00000000000001d4                NMI_Handler
                0x00000000000001dc                HardFault_Handler
                0x00000000000001e4                MemManage_Handler
                0x00000000000001ec                BusFault_Handler
                0x00000000000001f4                UsageFault_Handler
                0x00000000000001fc                SVC_Handler
                0x0000000000000204                DebugMon_Handler
                0x000000000000020c                PendSV_Handler
                0x0000000000000214                SysTick_Handler
                0x000000000000021c                UART1_IRQHandler
                0x000000000000021c                CANActivity_IRQHandler
                0x000000000000021c                TIMER3_IRQHandler
                0x000000000000021c                UART0_IRQHandler
                0x000000000000021c                USBActivity_IRQHandler
                0x000000000000021c                TIMER2_IRQHandler
                0x000000000000021c                IntDefaultHandler
                0x000000000000021c                PLL0_IRQHandler
                0x000000000000021c                CAN_IRQHandler
                0x000000000000021c                PLL1_IRQHandler
                0x000000000000021c                SSP0_IRQHandler
                0x000000000000021c                I2S_IRQHandler
                0x000000000000021c                I2C2_IRQHandler
                0x000000000000021c                RTC_IRQHandler
                0x000000000000021c                SPI_IRQHandler
                0x000000000000021c                EINT1_IRQHandler
                0x000000000000021c                UART2_IRQHandler
                0x000000000000021c                ADC_IRQHandler
                0x000000000000021c                SSP1_IRQHandler
                0x000000000000021c                USB_IRQHandler
                0x000000000000021c                BOD_IRQHandler
                0x000000000000021c                I2C0_IRQHandler
                0x000000000000021c                WDT_IRQHandler
                0x000000000000021c                QEI_IRQHandler
                0x000000000000021c                EINT0_IRQHandler
                0x000000000000021c                RIT_IRQHandler
                0x000000000000021c                DMA_IRQHandler
                0x000000000000021c                UART3_IRQHandler
                0x000000000000021c                MCPWM_IRQHandler
                0x000000000000021c                ENET_IRQHandler
                0x000000000000021c                PWM1_IRQHandler
                0x000000000000021c                I2C1_IRQHandler
                0x000000000000021c                EINT2_IRQHandler
 *(.text*)
 .text.exercice1
                0x0000000000000224       0x18 ./src/labo5_Interruption.o
                0x0000000000000224                exercice1
 .text.exercice2
                0x000000000000023c       0x18 ./src/labo5_Interruption.o
                0x000000000000023c                exercice2
 .text.exercice3
                0x0000000000000254       0x18 ./src/labo5_Interruption.o
                0x0000000000000254                exercice3
 .text.exercice4
                0x000000000000026c        0xc ./src/labo5_Interruption.o
                0x000000000000026c                exercice4
 .text.init_Interruption
                0x0000000000000278       0x3c ./src/labo5_Interruption.o
                0x0000000000000278                init_Interruption
 .text.initTimer
                0x00000000000002b4       0x78 ./src/labo5_Interruption.o
                0x00000000000002b4                initTimer
 .text.TIMER0_IRQHandler
                0x000000000000032c       0x70 ./src/labo5_Interruption.o
                0x000000000000032c                TIMER0_IRQHandler
 .text.TIMER1_IRQHandler
                0x000000000000039c       0xa8 ./src/labo5_Interruption.o
                0x000000000000039c                TIMER1_IRQHandler
 .text.EINT3_IRQHandler
                0x0000000000000444       0x60 ./src/labo5_Interruption.o
                0x0000000000000444                EINT3_IRQHandler
 .text.main     0x00000000000004a4       0x50 ./src/labo5_Interruption.o
                0x00000000000004a4                main
 .text.Led8SetState
                0x00000000000004f4       0x34 /Users/maximelovino/Google Drive/HEPIA/2016-2017/IT_231 - Processeurs/LABS/workspace/MyLab_lib/Debug/libMyLab_lib.a(GPIO.o)
                0x00000000000004f4                Led8SetState
 .text.JoystickGetState
                0x0000000000000528       0x34 /Users/maximelovino/Google Drive/HEPIA/2016-2017/IT_231 - Processeurs/LABS/workspace/MyLab_lib/Debug/libMyLab_lib.a(GPIO.o)
                0x0000000000000528                JoystickGetState
 .text.fallingEdgeJoystick
                0x000000000000055c       0x54 /Users/maximelovino/Google Drive/HEPIA/2016-2017/IT_231 - Processeurs/LABS/workspace/MyLab_lib/Debug/libMyLab_lib.a(GPIO.o)
                0x000000000000055c                fallingEdgeJoystick
 .text.SwitchGetState
                0x00000000000005b0       0x24 /Users/maximelovino/Google Drive/HEPIA/2016-2017/IT_231 - Processeurs/LABS/workspace/MyLab_lib/Debug/libMyLab_lib.a(GPIO.o)
                0x00000000000005b0                SwitchGetState
 .text.SystemInit
                0x00000000000005d4       0xe0 /Users/maximelovino/Google Drive/HEPIA/2016-2017/IT_231 - Processeurs/LABS/workspace/CMSIS_CORE_LPC17xx/Debug/libCMSIS_CORE_LPC17xx.a(system_LPC17xx.o)
                0x00000000000005d4                SystemInit
 .text.__weak_main
                0x00000000000006b4        0x4 /Applications/lpcxpresso_8.2.2_650/lpcxpresso/tools/bin/../lib/gcc/arm-none-eabi/5.4.1/../../../../arm-none-eabi/lib/armv7-m/libcr_c.a(__weak__main.o)
                0x00000000000006b4                __main
                0x00000000000006b4                __weak_main
 *(.rodata .rodata.* .constdata .constdata.*)
                0x00000000000006b8                . = ALIGN (0x4)

.glue_7         0x00000000000006b8        0x0
 .glue_7        0x00000000000006b8        0x0 linker stubs

.glue_7t        0x00000000000006b8        0x0
 .glue_7t       0x00000000000006b8        0x0 linker stubs

.vfp11_veneer   0x00000000000006b8        0x0
 .vfp11_veneer  0x00000000000006b8        0x0 linker stubs

.v4_bx          0x00000000000006b8        0x0
 .v4_bx         0x00000000000006b8        0x0 linker stubs

.iplt           0x00000000000006b8        0x0
 .iplt          0x00000000000006b8        0x0 ./src/cr_startup_lpc175x_6x.o

.rel.dyn        0x00000000000006b8        0x0
 .rel.iplt      0x00000000000006b8        0x0 ./src/cr_startup_lpc175x_6x.o

.ARM.extab
 *(.ARM.extab* .gnu.linkonce.armextab.*)
                0x00000000000006b8                __exidx_start = .

.ARM.exidx
 *(.ARM.exidx* .gnu.linkonce.armexidx.*)
                0x00000000000006b8                __exidx_end = .
                0x00000000000006b8                _etext = .

.uninit_RESERVED
                0x0000000010000000        0x0
 *(.bss.$RESERVED*)
                0x0000000010000000                . = ALIGN (0x4)
                0x0000000010000000                _end_uninit_RESERVED = .

.data           0x0000000010000000        0xc load address 0x00000000000006b8
 FILL mask 0xff
                0x0000000010000000                _data = .
 *(vtable)
 *(.ramfunc*)
 *(.data*)
 .data.value    0x0000000010000000        0x1 ./src/labo5_Interruption.o
                0x0000000010000000                value
 .data.i        0x0000000010000001        0x1 ./src/labo5_Interruption.o
                0x0000000010000001                i
 *fill*         0x0000000010000002        0x2 ff
 .data.timerForMovement
                0x0000000010000004        0x4 ./src/labo5_Interruption.o
                0x0000000010000004                timerForMovement
 .data.left     0x0000000010000008        0x4 ./src/labo5_Interruption.o
                0x0000000010000008                left
                0x000000001000000c                . = ALIGN (0x4)
                0x000000001000000c                _edata = .

.igot.plt       0x000000001000000c        0x0 load address 0x00000000000006c4
 .igot.plt      0x000000001000000c        0x0 ./src/cr_startup_lpc175x_6x.o

.bss            0x000000001000000c        0xc load address 0x00000000000006c4
                0x000000001000000c                _bss = .
 *(.bss*)
 *(COMMON)
 COMMON         0x000000001000000c        0x1 ./src/labo5_Interruption.o
                0x000000001000000c                exo
 *fill*         0x000000001000000d        0x3 
 COMMON         0x0000000010000010        0x5 /Users/maximelovino/Google Drive/HEPIA/2016-2017/IT_231 - Processeurs/LABS/workspace/MyLab_lib/Debug/libMyLab_lib.a(GPIO.o)
                0x0000000010000010                valuesJoystick
                0x0000000010000018                . = ALIGN (0x4)
 *fill*         0x0000000010000015        0x3 
                0x0000000010000018                _ebss = .
                [!provide]                        PROVIDE (end, .)

.noinit         0x0000000010000018        0x0 load address 0x00000000000006c4
                0x0000000010000018                _noinit = .
 *(.noinit*)
                0x0000000010000018                . = ALIGN (0x4)
                0x0000000010000018                _end_noinit = .
                [!provide]                        PROVIDE (_pvHeapStart, DEFINED (__user_heap_base)?__user_heap_base:.)
                0x0000000010008000                PROVIDE (_vStackTop, DEFINED (__user_stack_top)?__user_stack_top:(__top_RamLoc32 - 0x0))
                0xffffffffefff752a                PROVIDE (__valid_user_code_checksum, (0x0 - ((((((_vStackTop + (ResetISR + 0x1)) + (NMI_Handler + 0x1)) + (HardFault_Handler + 0x1)) + (DEFINED (MemManage_Handler)?MemManage_Handler:0x0 + 0x1)) + (DEFINED (BusFault_Handler)?BusFault_Handler:0x0 + 0x1)) + (DEFINED (UsageFault_Handler)?UsageFault_Handler:0x0 + 0x1))))
OUTPUT(labo5_Interruptions_GPIO-TIMER.axf elf32-littlearm)

.debug_info     0x0000000000000000      0x8d8
 .debug_info    0x0000000000000000      0x253 ./src/cr_startup_lpc175x_6x.o
 .debug_info    0x0000000000000253      0x187 ./src/labo5_Interruption.o
 .debug_info    0x00000000000003da      0x1e6 /Users/maximelovino/Google Drive/HEPIA/2016-2017/IT_231 - Processeurs/LABS/workspace/MyLab_lib/Debug/libMyLab_lib.a(GPIO.o)
 .debug_info    0x00000000000005c0      0x318 /Users/maximelovino/Google Drive/HEPIA/2016-2017/IT_231 - Processeurs/LABS/workspace/CMSIS_CORE_LPC17xx/Debug/libCMSIS_CORE_LPC17xx.a(system_LPC17xx.o)

.debug_abbrev   0x0000000000000000      0x3ca
 .debug_abbrev  0x0000000000000000       0xf5 ./src/cr_startup_lpc175x_6x.o
 .debug_abbrev  0x00000000000000f5       0xd2 ./src/labo5_Interruption.o
 .debug_abbrev  0x00000000000001c7      0x11d /Users/maximelovino/Google Drive/HEPIA/2016-2017/IT_231 - Processeurs/LABS/workspace/MyLab_lib/Debug/libMyLab_lib.a(GPIO.o)
 .debug_abbrev  0x00000000000002e4       0xe6 /Users/maximelovino/Google Drive/HEPIA/2016-2017/IT_231 - Processeurs/LABS/workspace/CMSIS_CORE_LPC17xx/Debug/libCMSIS_CORE_LPC17xx.a(system_LPC17xx.o)

.debug_aranges  0x0000000000000000      0x160
 .debug_aranges
                0x0000000000000000       0x80 ./src/cr_startup_lpc175x_6x.o
 .debug_aranges
                0x0000000000000080       0x68 ./src/labo5_Interruption.o
 .debug_aranges
                0x00000000000000e8       0x50 /Users/maximelovino/Google Drive/HEPIA/2016-2017/IT_231 - Processeurs/LABS/workspace/MyLab_lib/Debug/libMyLab_lib.a(GPIO.o)
 .debug_aranges
                0x0000000000000138       0x28 /Users/maximelovino/Google Drive/HEPIA/2016-2017/IT_231 - Processeurs/LABS/workspace/CMSIS_CORE_LPC17xx/Debug/libCMSIS_CORE_LPC17xx.a(system_LPC17xx.o)

.debug_ranges   0x0000000000000000      0x120
 .debug_ranges  0x0000000000000000       0x70 ./src/cr_startup_lpc175x_6x.o
 .debug_ranges  0x0000000000000070       0x58 ./src/labo5_Interruption.o
 .debug_ranges  0x00000000000000c8       0x40 /Users/maximelovino/Google Drive/HEPIA/2016-2017/IT_231 - Processeurs/LABS/workspace/MyLab_lib/Debug/libMyLab_lib.a(GPIO.o)
 .debug_ranges  0x0000000000000108       0x18 /Users/maximelovino/Google Drive/HEPIA/2016-2017/IT_231 - Processeurs/LABS/workspace/CMSIS_CORE_LPC17xx/Debug/libCMSIS_CORE_LPC17xx.a(system_LPC17xx.o)

.debug_macro    0x0000000000000000     0x3468
 .debug_macro   0x0000000000000000       0x1d ./src/cr_startup_lpc175x_6x.o
 .debug_macro   0x000000000000001d      0x892 ./src/cr_startup_lpc175x_6x.o
 .debug_macro   0x00000000000008af       0x5c ./src/labo5_Interruption.o
 .debug_macro   0x000000000000090b      0x2cc ./src/labo5_Interruption.o
 .debug_macro   0x0000000000000bd7       0x10 ./src/labo5_Interruption.o
 .debug_macro   0x0000000000000be7      0x12d ./src/labo5_Interruption.o
 .debug_macro   0x0000000000000d14      0x5b2 ./src/labo5_Interruption.o
 .debug_macro   0x00000000000012c6       0x22 ./src/labo5_Interruption.o
 .debug_macro   0x00000000000012e8       0x58 /Users/maximelovino/Google Drive/HEPIA/2016-2017/IT_231 - Processeurs/LABS/workspace/MyLab_lib/Debug/libMyLab_lib.a(GPIO.o)
 .debug_macro   0x0000000000001340      0x886 /Users/maximelovino/Google Drive/HEPIA/2016-2017/IT_231 - Processeurs/LABS/workspace/MyLab_lib/Debug/libMyLab_lib.a(GPIO.o)
 .debug_macro   0x0000000000001bc6      0x12d /Users/maximelovino/Google Drive/HEPIA/2016-2017/IT_231 - Processeurs/LABS/workspace/CMSIS_CORE_LPC17xx/Debug/libCMSIS_CORE_LPC17xx.a(system_LPC17xx.o)
 .debug_macro   0x0000000000001cf3      0x87a /Users/maximelovino/Google Drive/HEPIA/2016-2017/IT_231 - Processeurs/LABS/workspace/CMSIS_CORE_LPC17xx/Debug/libCMSIS_CORE_LPC17xx.a(system_LPC17xx.o)
 .debug_macro   0x000000000000256d       0x1c /Users/maximelovino/Google Drive/HEPIA/2016-2017/IT_231 - Processeurs/LABS/workspace/CMSIS_CORE_LPC17xx/Debug/libCMSIS_CORE_LPC17xx.a(system_LPC17xx.o)
 .debug_macro   0x0000000000002589       0x3a /Users/maximelovino/Google Drive/HEPIA/2016-2017/IT_231 - Processeurs/LABS/workspace/CMSIS_CORE_LPC17xx/Debug/libCMSIS_CORE_LPC17xx.a(system_LPC17xx.o)
 .debug_macro   0x00000000000025c3       0x2d /Users/maximelovino/Google Drive/HEPIA/2016-2017/IT_231 - Processeurs/LABS/workspace/CMSIS_CORE_LPC17xx/Debug/libCMSIS_CORE_LPC17xx.a(system_LPC17xx.o)
 .debug_macro   0x00000000000025f0      0xbb1 /Users/maximelovino/Google Drive/HEPIA/2016-2017/IT_231 - Processeurs/LABS/workspace/CMSIS_CORE_LPC17xx/Debug/libCMSIS_CORE_LPC17xx.a(system_LPC17xx.o)
 .debug_macro   0x00000000000031a1      0x2c7 /Users/maximelovino/Google Drive/HEPIA/2016-2017/IT_231 - Processeurs/LABS/workspace/CMSIS_CORE_LPC17xx/Debug/libCMSIS_CORE_LPC17xx.a(system_LPC17xx.o)

.debug_line     0x0000000000000000      0x6f4
 .debug_line    0x0000000000000000       0xd5 ./src/cr_startup_lpc175x_6x.o
 .debug_line    0x00000000000000d5      0x252 ./src/labo5_Interruption.o
 .debug_line    0x0000000000000327      0x1d5 /Users/maximelovino/Google Drive/HEPIA/2016-2017/IT_231 - Processeurs/LABS/workspace/MyLab_lib/Debug/libMyLab_lib.a(GPIO.o)
 .debug_line    0x00000000000004fc      0x1f8 /Users/maximelovino/Google Drive/HEPIA/2016-2017/IT_231 - Processeurs/LABS/workspace/CMSIS_CORE_LPC17xx/Debug/libCMSIS_CORE_LPC17xx.a(system_LPC17xx.o)

.debug_str      0x0000000000000000     0xb80e
 .debug_str     0x0000000000000000     0x26d0 ./src/cr_startup_lpc175x_6x.o
                                       0x26e3 (size before relaxing)
 .debug_str     0x00000000000026d0     0x2c28 ./src/labo5_Interruption.o
                                       0x51a6 (size before relaxing)
 .debug_str     0x00000000000052f8      0x6af /Users/maximelovino/Google Drive/HEPIA/2016-2017/IT_231 - Processeurs/LABS/workspace/MyLab_lib/Debug/libMyLab_lib.a(GPIO.o)
                                       0x511b (size before relaxing)
 .debug_str     0x00000000000059a7     0x5e67 /Users/maximelovino/Google Drive/HEPIA/2016-2017/IT_231 - Processeurs/LABS/workspace/CMSIS_CORE_LPC17xx/Debug/libCMSIS_CORE_LPC17xx.a(system_LPC17xx.o)
                                       0x9944 (size before relaxing)

.comment        0x0000000000000000      0x14c
 .comment       0x0000000000000000       0x6e ./src/cr_startup_lpc175x_6x.o
                                         0x6f (size before relaxing)
 .comment       0x000000000000006e       0x6f ./src/labo5_Interruption.o
 .comment       0x000000000000006e       0x70 /Users/maximelovino/Google Drive/HEPIA/2016-2017/IT_231 - Processeurs/LABS/workspace/MyLab_lib/Debug/libMyLab_lib.a(GPIO.o)
                                         0x71 (size before relaxing)
 .comment       0x00000000000000de       0x71 /Users/maximelovino/Google Drive/HEPIA/2016-2017/IT_231 - Processeurs/LABS/workspace/CMSIS_CORE_LPC17xx/Debug/libCMSIS_CORE_LPC17xx.a(system_LPC17xx.o)
 .comment       0x00000000000000de       0x6e /Applications/lpcxpresso_8.2.2_650/lpcxpresso/tools/bin/../lib/gcc/arm-none-eabi/5.4.1/../../../../arm-none-eabi/lib/armv7-m/libcr_c.a(__weak__main.o)
                                         0x6f (size before relaxing)

.ARM.attributes
                0x0000000000000000       0x31
 .ARM.attributes
                0x0000000000000000       0x33 ./src/cr_startup_lpc175x_6x.o
 .ARM.attributes
                0x0000000000000033       0x33 ./src/labo5_Interruption.o
 .ARM.attributes
                0x0000000000000066       0x33 /Users/maximelovino/Google Drive/HEPIA/2016-2017/IT_231 - Processeurs/LABS/workspace/MyLab_lib/Debug/libMyLab_lib.a(GPIO.o)
 .ARM.attributes
                0x0000000000000099       0x33 /Users/maximelovino/Google Drive/HEPIA/2016-2017/IT_231 - Processeurs/LABS/workspace/CMSIS_CORE_LPC17xx/Debug/libCMSIS_CORE_LPC17xx.a(system_LPC17xx.o)
 .ARM.attributes
                0x00000000000000cc       0x33 /Applications/lpcxpresso_8.2.2_650/lpcxpresso/tools/bin/../lib/gcc/arm-none-eabi/5.4.1/../../../../arm-none-eabi/lib/armv7-m/libcr_c.a(__weak__main.o)

.debug_frame    0x0000000000000000      0x3f8
 .debug_frame   0x0000000000000000      0x170 ./src/cr_startup_lpc175x_6x.o
 .debug_frame   0x0000000000000170      0x138 ./src/labo5_Interruption.o
 .debug_frame   0x00000000000002a8      0x114 /Users/maximelovino/Google Drive/HEPIA/2016-2017/IT_231 - Processeurs/LABS/workspace/MyLab_lib/Debug/libMyLab_lib.a(GPIO.o)
 .debug_frame   0x00000000000003bc       0x3c /Users/maximelovino/Google Drive/HEPIA/2016-2017/IT_231 - Processeurs/LABS/workspace/CMSIS_CORE_LPC17xx/Debug/libCMSIS_CORE_LPC17xx.a(system_LPC17xx.o)
