Archive member included because of file (symbol)

Z:\PROC\workspace\MyLab_lib\Debug\libMyLab_lib.a(GPIO.o)
                              ./src/labo5_Interruption.o (Led8SetState)
Z:\PROC\workspace\CMSIS_CORE_LPC17xx\Debug\libCMSIS_CORE_LPC17xx.a(system_LPC17xx.o)
                              ./src/cr_startup_lpc175x_6x.o (SystemInit)
c:/nxp/lpcxpresso_8.0.0_526/lpcxpresso/tools/bin/../lib/gcc/arm-none-eabi/4.9.3/../../../../arm-none-eabi/lib/armv7-m\libcr_c.a(__weak__main.o)
                              ./src/cr_startup_lpc175x_6x.o (__main)
c:/nxp/lpcxpresso_8.0.0_526/lpcxpresso/tools/bin/../lib/gcc/arm-none-eabi/4.9.3/armv7-m\libcr_eabihelpers.a(division_64.o)
                              Z:\PROC\workspace\CMSIS_CORE_LPC17xx\Debug\libCMSIS_CORE_LPC17xx.a(system_LPC17xx.o) (__aeabi_uldivmod)
c:/nxp/lpcxpresso_8.0.0_526/lpcxpresso/tools/bin/../lib/gcc/arm-none-eabi/4.9.3/armv7-m\libcr_eabihelpers.a(division_idiv0.o)
                              c:/nxp/lpcxpresso_8.0.0_526/lpcxpresso/tools/bin/../lib/gcc/arm-none-eabi/4.9.3/armv7-m\libcr_eabihelpers.a(division_64.o) (__aeabi_idiv0)

Allocating common symbols
Common symbol       size              file

valuesJoystick      0x5               Z:\PROC\workspace\MyLab_lib\Debug\libMyLab_lib.a(GPIO.o)
exo                 0x1               ./src/labo5_Interruption.o

Discarded input sections

 .group         0x00000000        0x8 ./src/cr_startup_lpc175x_6x.o
 .text          0x00000000        0x0 ./src/cr_startup_lpc175x_6x.o
 .data          0x00000000        0x0 ./src/cr_startup_lpc175x_6x.o
 .bss           0x00000000        0x0 ./src/cr_startup_lpc175x_6x.o
 .group         0x00000000        0x8 ./src/crp.o
 .group         0x00000000        0x8 ./src/crp.o
 .text          0x00000000        0x0 ./src/crp.o
 .data          0x00000000        0x0 ./src/crp.o
 .bss           0x00000000        0x0 ./src/crp.o
 .debug_macro   0x00000000      0x880 ./src/crp.o
 .group         0x00000000        0x8 ./src/labo5_Interruption.o
 .group         0x00000000        0x8 ./src/labo5_Interruption.o
 .group         0x00000000        0x8 ./src/labo5_Interruption.o
 .group         0x00000000        0x8 ./src/labo5_Interruption.o
 .group         0x00000000        0x8 ./src/labo5_Interruption.o
 .group         0x00000000        0x8 ./src/labo5_Interruption.o
 .text          0x00000000        0x0 ./src/labo5_Interruption.o
 .data          0x00000000        0x0 ./src/labo5_Interruption.o
 .bss           0x00000000        0x0 ./src/labo5_Interruption.o
 .debug_macro   0x00000000      0x880 ./src/labo5_Interruption.o
 .group         0x00000000        0x8 Z:\PROC\workspace\MyLab_lib\Debug\libMyLab_lib.a(GPIO.o)
 .group         0x00000000        0x8 Z:\PROC\workspace\MyLab_lib\Debug\libMyLab_lib.a(GPIO.o)
 .group         0x00000000        0x8 Z:\PROC\workspace\MyLab_lib\Debug\libMyLab_lib.a(GPIO.o)
 .group         0x00000000        0x8 Z:\PROC\workspace\MyLab_lib\Debug\libMyLab_lib.a(GPIO.o)
 .group         0x00000000        0x8 Z:\PROC\workspace\MyLab_lib\Debug\libMyLab_lib.a(GPIO.o)
 .group         0x00000000        0x8 Z:\PROC\workspace\MyLab_lib\Debug\libMyLab_lib.a(GPIO.o)
 .text          0x00000000        0x0 Z:\PROC\workspace\MyLab_lib\Debug\libMyLab_lib.a(GPIO.o)
 .data          0x00000000        0x0 Z:\PROC\workspace\MyLab_lib\Debug\libMyLab_lib.a(GPIO.o)
 .bss           0x00000000        0x0 Z:\PROC\workspace\MyLab_lib\Debug\libMyLab_lib.a(GPIO.o)
 .text.init     0x00000000       0x20 Z:\PROC\workspace\MyLab_lib\Debug\libMyLab_lib.a(GPIO.o)
 .text.delai    0x00000000       0x48 Z:\PROC\workspace\MyLab_lib\Debug\libMyLab_lib.a(GPIO.o)
 .text.LedSetState
                0x00000000       0x50 Z:\PROC\workspace\MyLab_lib\Debug\libMyLab_lib.a(GPIO.o)
 .debug_macro   0x00000000      0x2cc Z:\PROC\workspace\MyLab_lib\Debug\libMyLab_lib.a(GPIO.o)
 .debug_macro   0x00000000       0x10 Z:\PROC\workspace\MyLab_lib\Debug\libMyLab_lib.a(GPIO.o)
 .debug_macro   0x00000000      0x12d Z:\PROC\workspace\MyLab_lib\Debug\libMyLab_lib.a(GPIO.o)
 .debug_macro   0x00000000      0x5b2 Z:\PROC\workspace\MyLab_lib\Debug\libMyLab_lib.a(GPIO.o)
 .debug_macro   0x00000000       0x22 Z:\PROC\workspace\MyLab_lib\Debug\libMyLab_lib.a(GPIO.o)
 .group         0x00000000        0x8 Z:\PROC\workspace\CMSIS_CORE_LPC17xx\Debug\libCMSIS_CORE_LPC17xx.a(system_LPC17xx.o)
 .group         0x00000000        0x8 Z:\PROC\workspace\CMSIS_CORE_LPC17xx\Debug\libCMSIS_CORE_LPC17xx.a(system_LPC17xx.o)
 .group         0x00000000        0x8 Z:\PROC\workspace\CMSIS_CORE_LPC17xx\Debug\libCMSIS_CORE_LPC17xx.a(system_LPC17xx.o)
 .group         0x00000000        0x8 Z:\PROC\workspace\CMSIS_CORE_LPC17xx\Debug\libCMSIS_CORE_LPC17xx.a(system_LPC17xx.o)
 .group         0x00000000        0x8 Z:\PROC\workspace\CMSIS_CORE_LPC17xx\Debug\libCMSIS_CORE_LPC17xx.a(system_LPC17xx.o)
 .group         0x00000000        0x8 Z:\PROC\workspace\CMSIS_CORE_LPC17xx\Debug\libCMSIS_CORE_LPC17xx.a(system_LPC17xx.o)
 .group         0x00000000        0x8 Z:\PROC\workspace\CMSIS_CORE_LPC17xx\Debug\libCMSIS_CORE_LPC17xx.a(system_LPC17xx.o)
 .group         0x00000000        0x8 Z:\PROC\workspace\CMSIS_CORE_LPC17xx\Debug\libCMSIS_CORE_LPC17xx.a(system_LPC17xx.o)
 .group         0x00000000        0x8 Z:\PROC\workspace\CMSIS_CORE_LPC17xx\Debug\libCMSIS_CORE_LPC17xx.a(system_LPC17xx.o)
 .text          0x00000000        0x0 Z:\PROC\workspace\CMSIS_CORE_LPC17xx\Debug\libCMSIS_CORE_LPC17xx.a(system_LPC17xx.o)
 .data          0x00000000        0x0 Z:\PROC\workspace\CMSIS_CORE_LPC17xx\Debug\libCMSIS_CORE_LPC17xx.a(system_LPC17xx.o)
 .bss           0x00000000        0x0 Z:\PROC\workspace\CMSIS_CORE_LPC17xx\Debug\libCMSIS_CORE_LPC17xx.a(system_LPC17xx.o)
 .text.SystemCoreClockUpdate
                0x00000000       0xac Z:\PROC\workspace\CMSIS_CORE_LPC17xx\Debug\libCMSIS_CORE_LPC17xx.a(system_LPC17xx.o)
 .data.SystemCoreClock
                0x00000000        0x4 Z:\PROC\workspace\CMSIS_CORE_LPC17xx\Debug\libCMSIS_CORE_LPC17xx.a(system_LPC17xx.o)
 .debug_macro   0x00000000       0x10 Z:\PROC\workspace\CMSIS_CORE_LPC17xx\Debug\libCMSIS_CORE_LPC17xx.a(system_LPC17xx.o)
 .debug_macro   0x00000000      0x12d Z:\PROC\workspace\CMSIS_CORE_LPC17xx\Debug\libCMSIS_CORE_LPC17xx.a(system_LPC17xx.o)
 .debug_macro   0x00000000      0x5b2 Z:\PROC\workspace\CMSIS_CORE_LPC17xx\Debug\libCMSIS_CORE_LPC17xx.a(system_LPC17xx.o)
 .text          0x00000000        0x0 c:/nxp/lpcxpresso_8.0.0_526/lpcxpresso/tools/bin/../lib/gcc/arm-none-eabi/4.9.3/../../../../arm-none-eabi/lib/armv7-m\libcr_c.a(__weak__main.o)
 .data          0x00000000        0x0 c:/nxp/lpcxpresso_8.0.0_526/lpcxpresso/tools/bin/../lib/gcc/arm-none-eabi/4.9.3/../../../../arm-none-eabi/lib/armv7-m\libcr_c.a(__weak__main.o)
 .bss           0x00000000        0x0 c:/nxp/lpcxpresso_8.0.0_526/lpcxpresso/tools/bin/../lib/gcc/arm-none-eabi/4.9.3/../../../../arm-none-eabi/lib/armv7-m\libcr_c.a(__weak__main.o)
 .text          0x00000000        0x0 c:/nxp/lpcxpresso_8.0.0_526/lpcxpresso/tools/bin/../lib/gcc/arm-none-eabi/4.9.3/armv7-m\libcr_eabihelpers.a(division_64.o)
 .data          0x00000000        0x0 c:/nxp/lpcxpresso_8.0.0_526/lpcxpresso/tools/bin/../lib/gcc/arm-none-eabi/4.9.3/armv7-m\libcr_eabihelpers.a(division_64.o)
 .bss           0x00000000        0x0 c:/nxp/lpcxpresso_8.0.0_526/lpcxpresso/tools/bin/../lib/gcc/arm-none-eabi/4.9.3/armv7-m\libcr_eabihelpers.a(division_64.o)
 .text.__aeabi_division_ldivmod
                0x00000000       0x26 c:/nxp/lpcxpresso_8.0.0_526/lpcxpresso/tools/bin/../lib/gcc/arm-none-eabi/4.9.3/armv7-m\libcr_eabihelpers.a(division_64.o)
 .text.__aeabi_division_uldivmod
                0x00000000      0x174 c:/nxp/lpcxpresso_8.0.0_526/lpcxpresso/tools/bin/../lib/gcc/arm-none-eabi/4.9.3/armv7-m\libcr_eabihelpers.a(division_64.o)
 .ARM.attributes
                0x00000000       0x21 c:/nxp/lpcxpresso_8.0.0_526/lpcxpresso/tools/bin/../lib/gcc/arm-none-eabi/4.9.3/armv7-m\libcr_eabihelpers.a(division_64.o)
 .text          0x00000000        0x0 c:/nxp/lpcxpresso_8.0.0_526/lpcxpresso/tools/bin/../lib/gcc/arm-none-eabi/4.9.3/armv7-m\libcr_eabihelpers.a(division_idiv0.o)
 .data          0x00000000        0x0 c:/nxp/lpcxpresso_8.0.0_526/lpcxpresso/tools/bin/../lib/gcc/arm-none-eabi/4.9.3/armv7-m\libcr_eabihelpers.a(division_idiv0.o)
 .bss           0x00000000        0x0 c:/nxp/lpcxpresso_8.0.0_526/lpcxpresso/tools/bin/../lib/gcc/arm-none-eabi/4.9.3/armv7-m\libcr_eabihelpers.a(division_idiv0.o)
 .text.__aeabi_division_idiv0
                0x00000000        0x2 c:/nxp/lpcxpresso_8.0.0_526/lpcxpresso/tools/bin/../lib/gcc/arm-none-eabi/4.9.3/armv7-m\libcr_eabihelpers.a(division_idiv0.o)
 .ARM.attributes
                0x00000000       0x21 c:/nxp/lpcxpresso_8.0.0_526/lpcxpresso/tools/bin/../lib/gcc/arm-none-eabi/4.9.3/armv7-m\libcr_eabihelpers.a(division_idiv0.o)

Memory Configuration

Name             Origin             Length             Attributes
MFlash512        0x00000000         0x00080000         xr
RamLoc32         0x10000000         0x00008000         xrw
RamAHB32         0x2007c000         0x00008000         xrw
*default*        0x00000000         0xffffffff

Linker script and memory map

LOAD ./src/cr_startup_lpc175x_6x.o
LOAD ./src/crp.o
LOAD ./src/labo5_Interruption.o
LOAD Z:\PROC\workspace\MyLab_lib\Debug\libMyLab_lib.a
LOAD Z:\PROC\workspace\CMSIS_CORE_LPC17xx\Debug\libCMSIS_CORE_LPC17xx.a
START GROUP
LOAD c:/nxp/lpcxpresso_8.0.0_526/lpcxpresso/tools/bin/../lib/gcc/arm-none-eabi/4.9.3/../../../../arm-none-eabi/lib/armv7-m\libcr_c.a
LOAD c:/nxp/lpcxpresso_8.0.0_526/lpcxpresso/tools/bin/../lib/gcc/arm-none-eabi/4.9.3/armv7-m\libcr_eabihelpers.a
END GROUP
                0x00000000                __base_MFlash512 = 0x0
                0x00000000                __base_Flash = 0x0
                0x00080000                __top_MFlash512 = 0x80000
                0x00080000                __top_Flash = 0x80000
                0x10000000                __base_RamLoc32 = 0x10000000
                0x10000000                __base_RAM = 0x10000000
                0x10008000                __top_RamLoc32 = 0x10008000
                0x10008000                __top_RAM = 0x10008000
                0x2007c000                __base_RamAHB32 = 0x2007c000
                0x2007c000                __base_RAM2 = 0x2007c000
                0x20084000                __top_RamAHB32 = 0x20084000
                0x20084000                __top_RAM2 = 0x20084000

.text           0x00000000      0x788
 FILL mask 0xff
                0x00000000                __vectors_start__ = ABSOLUTE (.)
 *(.isr_vector)
 .isr_vector    0x00000000       0xcc ./src/cr_startup_lpc175x_6x.o
                0x00000000                g_pfnVectors
                0x000000cc                . = ALIGN (0x4)
                0x000000cc                __section_table_start = .
                0x000000cc                __data_section_table = .
                0x000000cc        0x4 LONG 0x788 LOADADDR (.data)
                0x000000d0        0x4 LONG 0x10000000 ADDR (.data)
                0x000000d4        0x4 LONG 0xc SIZEOF (.data)
                0x000000d8        0x4 LONG 0x788 LOADADDR (.data_RAM2)
                0x000000dc        0x4 LONG 0x2007c000 ADDR (.data_RAM2)
                0x000000e0        0x4 LONG 0x0 SIZEOF (.data_RAM2)
                0x000000e4                __data_section_table_end = .
                0x000000e4                __bss_section_table = .
                0x000000e4        0x4 LONG 0x1000000c ADDR (.bss)
                0x000000e8        0x4 LONG 0xc SIZEOF (.bss)
                0x000000ec        0x4 LONG 0x2007c000 ADDR (.bss_RAM2)
                0x000000f0        0x4 LONG 0x0 SIZEOF (.bss_RAM2)
                0x000000f4                __bss_section_table_end = .
                0x000000f4                __section_table_end = .
 *(.after_vectors*)
 .after_vectors
                0x000000f4      0x144 ./src/cr_startup_lpc175x_6x.o
                0x000000f4                data_init
                0x00000138                bss_init
                0x00000170                ResetISR
                0x000001e8                NMI_Handler
                0x000001f0                HardFault_Handler
                0x000001f8                MemManage_Handler
                0x00000200                BusFault_Handler
                0x00000208                UsageFault_Handler
                0x00000210                SVC_Handler
                0x00000218                DebugMon_Handler
                0x00000220                PendSV_Handler
                0x00000228                SysTick_Handler
                0x00000230                UART1_IRQHandler
                0x00000230                CANActivity_IRQHandler
                0x00000230                TIMER3_IRQHandler
                0x00000230                UART0_IRQHandler
                0x00000230                EINT2_IRQHandler
                0x00000230                USBActivity_IRQHandler
                0x00000230                IntDefaultHandler
                0x00000230                PLL0_IRQHandler
                0x00000230                I2C0_IRQHandler
                0x00000230                I2C1_IRQHandler
                0x00000230                SSP0_IRQHandler
                0x00000230                I2S_IRQHandler
                0x00000230                I2C2_IRQHandler
                0x00000230                RTC_IRQHandler
                0x00000230                SPI_IRQHandler
                0x00000230                RIT_IRQHandler
                0x00000230                EINT1_IRQHandler
                0x00000230                UART2_IRQHandler
                0x00000230                ADC_IRQHandler
                0x00000230                SSP1_IRQHandler
                0x00000230                USB_IRQHandler
                0x00000230                BOD_IRQHandler
                0x00000230                PLL1_IRQHandler
                0x00000230                WDT_IRQHandler
                0x00000230                PWM1_IRQHandler
                0x00000230                QEI_IRQHandler
                0x00000230                EINT0_IRQHandler
                0x00000230                CAN_IRQHandler
                0x00000230                DMA_IRQHandler
                0x00000230                TIMER2_IRQHandler
                0x00000230                UART3_IRQHandler
                0x00000230                MCPWM_IRQHandler
                0x00000230                ENET_IRQHandler
                0x000002fc                . = 0x2fc
 *fill*         0x00000238       0xc4 ff
                0x000002fc                PROVIDE (__CRP_WORD_START__, .)
 *(.crp)
 .crp           0x000002fc        0x4 ./src/crp.o
                0x000002fc                CRP_WORD
                0x00000300                PROVIDE (__CRP_WORD_END__, .)
                0x00000001                ASSERT (! ((__CRP_WORD_START__ == __CRP_WORD_END__)), Linker CRP Enabled, but no CRP_WORD provided within application)
 *(.text*)
 .text.exercice1
                0x00000300       0x14 ./src/labo5_Interruption.o
                0x00000300                exercice1
 .text.exercice2
                0x00000314       0x14 ./src/labo5_Interruption.o
                0x00000314                exercice2
 .text.exercice3
                0x00000328       0x14 ./src/labo5_Interruption.o
                0x00000328                exercice3
 .text.exercice4
                0x0000033c        0xc ./src/labo5_Interruption.o
                0x0000033c                exercice4
 .text.init_Interruption
                0x00000348       0x3c ./src/labo5_Interruption.o
                0x00000348                init_Interruption
 .text.initTimer
                0x00000384       0x78 ./src/labo5_Interruption.o
                0x00000384                initTimer
 .text.TIMER0_IRQHandler
                0x000003fc       0x70 ./src/labo5_Interruption.o
                0x000003fc                TIMER0_IRQHandler
 .text.TIMER1_IRQHandler
                0x0000046c       0xa8 ./src/labo5_Interruption.o
                0x0000046c                TIMER1_IRQHandler
 .text.EINT3_IRQHandler
                0x00000514       0x60 ./src/labo5_Interruption.o
                0x00000514                EINT3_IRQHandler
 .text.main     0x00000574       0x50 ./src/labo5_Interruption.o
                0x00000574                main
 .text.Led8SetState
                0x000005c4       0x34 Z:\PROC\workspace\MyLab_lib\Debug\libMyLab_lib.a(GPIO.o)
                0x000005c4                Led8SetState
 .text.JoystickGetState
                0x000005f8       0x34 Z:\PROC\workspace\MyLab_lib\Debug\libMyLab_lib.a(GPIO.o)
                0x000005f8                JoystickGetState
 .text.fallingEdgeJoystick
                0x0000062c       0x54 Z:\PROC\workspace\MyLab_lib\Debug\libMyLab_lib.a(GPIO.o)
                0x0000062c                fallingEdgeJoystick
 .text.SwitchGetState
                0x00000680       0x24 Z:\PROC\workspace\MyLab_lib\Debug\libMyLab_lib.a(GPIO.o)
                0x00000680                SwitchGetState
 .text.SystemInit
                0x000006a4       0xe0 Z:\PROC\workspace\CMSIS_CORE_LPC17xx\Debug\libCMSIS_CORE_LPC17xx.a(system_LPC17xx.o)
                0x000006a4                SystemInit
 .text.__weak_main
                0x00000784        0x4 c:/nxp/lpcxpresso_8.0.0_526/lpcxpresso/tools/bin/../lib/gcc/arm-none-eabi/4.9.3/../../../../arm-none-eabi/lib/armv7-m\libcr_c.a(__weak__main.o)
                0x00000784                __weak_main
                0x00000784                __main
 *(.rodata .rodata.* .constdata .constdata.*)
                0x00000788                . = ALIGN (0x4)

.glue_7         0x00000788        0x0
 .glue_7        0x00000000        0x0 linker stubs

.glue_7t        0x00000788        0x0
 .glue_7t       0x00000000        0x0 linker stubs

.vfp11_veneer   0x00000788        0x0
 .vfp11_veneer  0x00000000        0x0 linker stubs

.v4_bx          0x00000788        0x0
 .v4_bx         0x00000000        0x0 linker stubs

.iplt           0x00000788        0x0
 .iplt          0x00000000        0x0 ./src/cr_startup_lpc175x_6x.o

.rel.dyn        0x00000788        0x0
 .rel.iplt      0x00000000        0x0 ./src/cr_startup_lpc175x_6x.o

.ARM.extab
 *(.ARM.extab* .gnu.linkonce.armextab.*)
                0x00000788                __exidx_start = .

.ARM.exidx
 *(.ARM.exidx* .gnu.linkonce.armexidx.*)
                0x00000788                __exidx_end = .
                0x00000788                _etext = .

.data_RAM2      0x2007c000        0x0 load address 0x00000788
 FILL mask 0xff
                0x2007c000                PROVIDE (__start_data_RAM2, .)
 *(.ramfunc.$RAM2)
 *(.ramfunc.$RamAHB32)
 *(.data.$RAM2*)
 *(.data.$RamAHB32*)
                0x2007c000                . = ALIGN (0x4)
                0x2007c000                PROVIDE (__end_data_RAM2, .)

.uninit_RESERVED
                0x10000000        0x0
 *(.bss.$RESERVED*)
                0x10000000                . = ALIGN (0x4)
                0x10000000                _end_uninit_RESERVED = .

.data           0x10000000        0xc load address 0x00000788
 FILL mask 0xff
                0x10000000                _data = .
 *(vtable)
 *(.ramfunc*)
 *(.data*)
 .data.value    0x10000000        0x1 ./src/labo5_Interruption.o
                0x10000000                value
 .data.i        0x10000001        0x1 ./src/labo5_Interruption.o
                0x10000001                i
 *fill*         0x10000002        0x2 
 .data.timerForMovement
                0x10000004        0x4 ./src/labo5_Interruption.o
                0x10000004                timerForMovement
 .data.left     0x10000008        0x4 ./src/labo5_Interruption.o
                0x10000008                left
                0x1000000c                . = ALIGN (0x4)
                0x1000000c                _edata = .

.igot.plt       0x1000000c        0x0 load address 0x00000794
 .igot.plt      0x00000000        0x0 ./src/cr_startup_lpc175x_6x.o

.bss_RAM2       0x2007c000        0x0
                0x2007c000                PROVIDE (__start_bss_RAM2, .)
 *(.bss.$RAM2*)
 *(.bss.$RamAHB32*)
                0x2007c000                . = ALIGN ((. != 0x0)?0x4:0x1)
                0x2007c000                PROVIDE (__end_bss_RAM2, .)

.bss            0x1000000c        0xc
                0x1000000c                _bss = .
 *(.bss*)
 *(COMMON)
 COMMON         0x1000000c        0x1 ./src/labo5_Interruption.o
                0x1000000c                exo
 *fill*         0x1000000d        0x3 
 COMMON         0x10000010        0x5 Z:\PROC\workspace\MyLab_lib\Debug\libMyLab_lib.a(GPIO.o)
                0x10000010                valuesJoystick
                0x10000018                . = ALIGN (0x4)
 *fill*         0x10000015        0x3 
                0x10000018                _ebss = .
                0x10000018                PROVIDE (end, .)

.noinit_RAM2    0x2007c000        0x0
 *(.noinit.$RAM2*)
 *(.noinit.$RamAHB32*)
                0x2007c000                . = ALIGN (0x4)

.noinit         0x10000018        0x0
                0x10000018                _noinit = .
 *(.noinit*)
                0x10000018                . = ALIGN (0x4)
                0x10000018                _end_noinit = .
                0x10000018                PROVIDE (_pvHeapStart, DEFINED (__user_heap_base)?__user_heap_base:.)
                0x10008000                PROVIDE (_vStackTop, DEFINED (__user_stack_top)?__user_stack_top:(__top_RamLoc32 - 0x0))
                0xefff74b2                PROVIDE (__valid_user_code_checksum, (0x0 - ((((((_vStackTop + (ResetISR + 0x1)) + (NMI_Handler + 0x1)) + (HardFault_Handler + 0x1)) + (DEFINED (MemManage_Handler)?MemManage_Handler:0x0 + 0x1)) + (DEFINED (BusFault_Handler)?BusFault_Handler:0x0 + 0x1)) + (DEFINED (UsageFault_Handler)?UsageFault_Handler:0x0 + 0x1))))
OUTPUT(labo5_Interruptions_GPIO-TIMER.axf elf32-littlearm)

.debug_info     0x00000000      0x912
 .debug_info    0x00000000      0x24e ./src/cr_startup_lpc175x_6x.o
 .debug_info    0x0000024e       0x3f ./src/crp.o
 .debug_info    0x0000028d      0x187 ./src/labo5_Interruption.o
 .debug_info    0x00000414      0x1e6 Z:\PROC\workspace\MyLab_lib\Debug\libMyLab_lib.a(GPIO.o)
 .debug_info    0x000005fa      0x318 Z:\PROC\workspace\CMSIS_CORE_LPC17xx\Debug\libCMSIS_CORE_LPC17xx.a(system_LPC17xx.o)

.debug_abbrev   0x00000000      0x400
 .debug_abbrev  0x00000000       0xf5 ./src/cr_startup_lpc175x_6x.o
 .debug_abbrev  0x000000f5       0x36 ./src/crp.o
 .debug_abbrev  0x0000012b       0xd2 ./src/labo5_Interruption.o
 .debug_abbrev  0x000001fd      0x11d Z:\PROC\workspace\MyLab_lib\Debug\libMyLab_lib.a(GPIO.o)
 .debug_abbrev  0x0000031a       0xe6 Z:\PROC\workspace\CMSIS_CORE_LPC17xx\Debug\libCMSIS_CORE_LPC17xx.a(system_LPC17xx.o)

.debug_aranges  0x00000000      0x178
 .debug_aranges
                0x00000000       0x80 ./src/cr_startup_lpc175x_6x.o
 .debug_aranges
                0x00000080       0x18 ./src/crp.o
 .debug_aranges
                0x00000098       0x68 ./src/labo5_Interruption.o
 .debug_aranges
                0x00000100       0x50 Z:\PROC\workspace\MyLab_lib\Debug\libMyLab_lib.a(GPIO.o)
 .debug_aranges
                0x00000150       0x28 Z:\PROC\workspace\CMSIS_CORE_LPC17xx\Debug\libCMSIS_CORE_LPC17xx.a(system_LPC17xx.o)

.debug_ranges   0x00000000      0x120
 .debug_ranges  0x00000000       0x70 ./src/cr_startup_lpc175x_6x.o
 .debug_ranges  0x00000070       0x58 ./src/labo5_Interruption.o
 .debug_ranges  0x000000c8       0x40 Z:\PROC\workspace\MyLab_lib\Debug\libMyLab_lib.a(GPIO.o)
 .debug_ranges  0x00000108       0x18 Z:\PROC\workspace\CMSIS_CORE_LPC17xx\Debug\libCMSIS_CORE_LPC17xx.a(system_LPC17xx.o)

.debug_macro    0x00000000     0x34a4
 .debug_macro   0x00000000       0x1d ./src/cr_startup_lpc175x_6x.o
 .debug_macro   0x0000001d      0x880 ./src/cr_startup_lpc175x_6x.o
 .debug_macro   0x0000089d       0x1a ./src/crp.o
 .debug_macro   0x000008b7       0x34 ./src/crp.o
 .debug_macro   0x000008eb       0x5c ./src/labo5_Interruption.o
 .debug_macro   0x00000947      0x2cc ./src/labo5_Interruption.o
 .debug_macro   0x00000c13       0x10 ./src/labo5_Interruption.o
 .debug_macro   0x00000c23      0x12d ./src/labo5_Interruption.o
 .debug_macro   0x00000d50      0x5b2 ./src/labo5_Interruption.o
 .debug_macro   0x00001302       0x22 ./src/labo5_Interruption.o
 .debug_macro   0x00001324       0x58 Z:\PROC\workspace\MyLab_lib\Debug\libMyLab_lib.a(GPIO.o)
 .debug_macro   0x0000137c      0x886 Z:\PROC\workspace\MyLab_lib\Debug\libMyLab_lib.a(GPIO.o)
 .debug_macro   0x00001c02      0x12d Z:\PROC\workspace\CMSIS_CORE_LPC17xx\Debug\libCMSIS_CORE_LPC17xx.a(system_LPC17xx.o)
 .debug_macro   0x00001d2f      0x87a Z:\PROC\workspace\CMSIS_CORE_LPC17xx\Debug\libCMSIS_CORE_LPC17xx.a(system_LPC17xx.o)
 .debug_macro   0x000025a9       0x1c Z:\PROC\workspace\CMSIS_CORE_LPC17xx\Debug\libCMSIS_CORE_LPC17xx.a(system_LPC17xx.o)
 .debug_macro   0x000025c5       0x3a Z:\PROC\workspace\CMSIS_CORE_LPC17xx\Debug\libCMSIS_CORE_LPC17xx.a(system_LPC17xx.o)
 .debug_macro   0x000025ff       0x2d Z:\PROC\workspace\CMSIS_CORE_LPC17xx\Debug\libCMSIS_CORE_LPC17xx.a(system_LPC17xx.o)
 .debug_macro   0x0000262c      0xbb1 Z:\PROC\workspace\CMSIS_CORE_LPC17xx\Debug\libCMSIS_CORE_LPC17xx.a(system_LPC17xx.o)
 .debug_macro   0x000031dd      0x2c7 Z:\PROC\workspace\CMSIS_CORE_LPC17xx\Debug\libCMSIS_CORE_LPC17xx.a(system_LPC17xx.o)

.debug_line     0x00000000      0x759
 .debug_line    0x00000000       0xd5 ./src/cr_startup_lpc175x_6x.o
 .debug_line    0x000000d5       0x78 ./src/crp.o
 .debug_line    0x0000014d      0x23f ./src/labo5_Interruption.o
 .debug_line    0x0000038c      0x1d5 Z:\PROC\workspace\MyLab_lib\Debug\libMyLab_lib.a(GPIO.o)
 .debug_line    0x00000561      0x1f8 Z:\PROC\workspace\CMSIS_CORE_LPC17xx\Debug\libCMSIS_CORE_LPC17xx.a(system_LPC17xx.o)

.debug_str      0x00000000     0xb290
 .debug_str     0x00000000     0x263e ./src/cr_startup_lpc175x_6x.o
                               0x2651 (size before relaxing)
 .debug_str     0x0000263e       0xe9 ./src/crp.o
                               0x2569 (size before relaxing)
 .debug_str     0x00002727     0x2c28 ./src/labo5_Interruption.o
                               0x5114 (size before relaxing)
 .debug_str     0x0000534f       0xda Z:\PROC\workspace\MyLab_lib\Debug\libMyLab_lib.a(GPIO.o)
                               0x511b (size before relaxing)
 .debug_str     0x00005429     0x5e67 Z:\PROC\workspace\CMSIS_CORE_LPC17xx\Debug\libCMSIS_CORE_LPC17xx.a(system_LPC17xx.o)
                               0x9944 (size before relaxing)

.comment        0x00000000       0xe0
 .comment       0x00000000       0x70 ./src/cr_startup_lpc175x_6x.o
                                 0x71 (size before relaxing)
 .comment       0x00000000       0x71 ./src/crp.o
 .comment       0x00000000       0x71 ./src/labo5_Interruption.o
 .comment       0x00000000       0x71 Z:\PROC\workspace\MyLab_lib\Debug\libMyLab_lib.a(GPIO.o)
 .comment       0x00000000       0x71 Z:\PROC\workspace\CMSIS_CORE_LPC17xx\Debug\libCMSIS_CORE_LPC17xx.a(system_LPC17xx.o)
 .comment       0x00000070       0x70 c:/nxp/lpcxpresso_8.0.0_526/lpcxpresso/tools/bin/../lib/gcc/arm-none-eabi/4.9.3/../../../../arm-none-eabi/lib/armv7-m\libcr_c.a(__weak__main.o)
                                 0x71 (size before relaxing)

.ARM.attributes
                0x00000000       0x31
 .ARM.attributes
                0x00000000       0x33 ./src/cr_startup_lpc175x_6x.o
 .ARM.attributes
                0x00000033       0x33 ./src/crp.o
 .ARM.attributes
                0x00000066       0x33 ./src/labo5_Interruption.o
 .ARM.attributes
                0x00000099       0x33 Z:\PROC\workspace\MyLab_lib\Debug\libMyLab_lib.a(GPIO.o)
 .ARM.attributes
                0x000000cc       0x33 Z:\PROC\workspace\CMSIS_CORE_LPC17xx\Debug\libCMSIS_CORE_LPC17xx.a(system_LPC17xx.o)
 .ARM.attributes
                0x000000ff       0x33 c:/nxp/lpcxpresso_8.0.0_526/lpcxpresso/tools/bin/../lib/gcc/arm-none-eabi/4.9.3/../../../../arm-none-eabi/lib/armv7-m\libcr_c.a(__weak__main.o)

.debug_frame    0x00000000      0x3f8
 .debug_frame   0x00000000      0x170 ./src/cr_startup_lpc175x_6x.o
 .debug_frame   0x00000170      0x138 ./src/labo5_Interruption.o
 .debug_frame   0x000002a8      0x114 Z:\PROC\workspace\MyLab_lib\Debug\libMyLab_lib.a(GPIO.o)
 .debug_frame   0x000003bc       0x3c Z:\PROC\workspace\CMSIS_CORE_LPC17xx\Debug\libCMSIS_CORE_LPC17xx.a(system_LPC17xx.o)
